Archive member included to satisfy reference by file (symbol)

/Applications/STM32CubeIDE.app/Contents/Eclipse/plugins/com.st.stm32cube.ide.mcu.externaltools.gnu-tools-for-stm32.13.3.rel1.macos64_1.0.0.202411102158/tools/bin/../lib/gcc/arm-none-eabi/13.3.1/../../../../arm-none-eabi/lib/thumb/v7e-m+fp/hard/libc_nano.a(libc_a-exit.o)
                              /Applications/STM32CubeIDE.app/Contents/Eclipse/plugins/com.st.stm32cube.ide.mcu.externaltools.gnu-tools-for-stm32.13.3.rel1.macos64_1.0.0.202411102158/tools/bin/../lib/gcc/arm-none-eabi/13.3.1/../../../../arm-none-eabi/lib/thumb/v7e-m+fp/hard/crt0.o (exit)
/Applications/STM32CubeIDE.app/Contents/Eclipse/plugins/com.st.stm32cube.ide.mcu.externaltools.gnu-tools-for-stm32.13.3.rel1.macos64_1.0.0.202411102158/tools/bin/../lib/gcc/arm-none-eabi/13.3.1/../../../../arm-none-eabi/lib/thumb/v7e-m+fp/hard/libc_nano.a(libc_a-findfp.o)
                              /Applications/STM32CubeIDE.app/Contents/Eclipse/plugins/com.st.stm32cube.ide.mcu.externaltools.gnu-tools-for-stm32.13.3.rel1.macos64_1.0.0.202411102158/tools/bin/../lib/gcc/arm-none-eabi/13.3.1/../../../../arm-none-eabi/lib/thumb/v7e-m+fp/hard/libc_nano.a(libc_a-exit.o) (__stdio_exit_handler)
/Applications/STM32CubeIDE.app/Contents/Eclipse/plugins/com.st.stm32cube.ide.mcu.externaltools.gnu-tools-for-stm32.13.3.rel1.macos64_1.0.0.202411102158/tools/bin/../lib/gcc/arm-none-eabi/13.3.1/../../../../arm-none-eabi/lib/thumb/v7e-m+fp/hard/libc_nano.a(libc_a-fwalk.o)
                              /Applications/STM32CubeIDE.app/Contents/Eclipse/plugins/com.st.stm32cube.ide.mcu.externaltools.gnu-tools-for-stm32.13.3.rel1.macos64_1.0.0.202411102158/tools/bin/../lib/gcc/arm-none-eabi/13.3.1/../../../../arm-none-eabi/lib/thumb/v7e-m+fp/hard/libc_nano.a(libc_a-findfp.o) (_fwalk_sglue)
/Applications/STM32CubeIDE.app/Contents/Eclipse/plugins/com.st.stm32cube.ide.mcu.externaltools.gnu-tools-for-stm32.13.3.rel1.macos64_1.0.0.202411102158/tools/bin/../lib/gcc/arm-none-eabi/13.3.1/../../../../arm-none-eabi/lib/thumb/v7e-m+fp/hard/libc_nano.a(libc_a-memset.o)
                              /Applications/STM32CubeIDE.app/Contents/Eclipse/plugins/com.st.stm32cube.ide.mcu.externaltools.gnu-tools-for-stm32.13.3.rel1.macos64_1.0.0.202411102158/tools/bin/../lib/gcc/arm-none-eabi/13.3.1/../../../../arm-none-eabi/lib/thumb/v7e-m+fp/hard/crt0.o (memset)
/Applications/STM32CubeIDE.app/Contents/Eclipse/plugins/com.st.stm32cube.ide.mcu.externaltools.gnu-tools-for-stm32.13.3.rel1.macos64_1.0.0.202411102158/tools/bin/../lib/gcc/arm-none-eabi/13.3.1/../../../../arm-none-eabi/lib/thumb/v7e-m+fp/hard/libc_nano.a(libc_a-errno.o)
                              ./Core/Src/syscalls.o (__errno)
/Applications/STM32CubeIDE.app/Contents/Eclipse/plugins/com.st.stm32cube.ide.mcu.externaltools.gnu-tools-for-stm32.13.3.rel1.macos64_1.0.0.202411102158/tools/bin/../lib/gcc/arm-none-eabi/13.3.1/../../../../arm-none-eabi/lib/thumb/v7e-m+fp/hard/libc_nano.a(libc_a-init.o)
                              /Applications/STM32CubeIDE.app/Contents/Eclipse/plugins/com.st.stm32cube.ide.mcu.externaltools.gnu-tools-for-stm32.13.3.rel1.macos64_1.0.0.202411102158/tools/bin/../lib/gcc/arm-none-eabi/13.3.1/../../../../arm-none-eabi/lib/thumb/v7e-m+fp/hard/crt0.o (__libc_init_array)
/Applications/STM32CubeIDE.app/Contents/Eclipse/plugins/com.st.stm32cube.ide.mcu.externaltools.gnu-tools-for-stm32.13.3.rel1.macos64_1.0.0.202411102158/tools/bin/../lib/gcc/arm-none-eabi/13.3.1/../../../../arm-none-eabi/lib/thumb/v7e-m+fp/hard/libc_nano.a(libc_a-lock.o)
                              /Applications/STM32CubeIDE.app/Contents/Eclipse/plugins/com.st.stm32cube.ide.mcu.externaltools.gnu-tools-for-stm32.13.3.rel1.macos64_1.0.0.202411102158/tools/bin/../lib/gcc/arm-none-eabi/13.3.1/../../../../arm-none-eabi/lib/thumb/v7e-m+fp/hard/libc_nano.a(libc_a-findfp.o) (__retarget_lock_init_recursive)
/Applications/STM32CubeIDE.app/Contents/Eclipse/plugins/com.st.stm32cube.ide.mcu.externaltools.gnu-tools-for-stm32.13.3.rel1.macos64_1.0.0.202411102158/tools/bin/../lib/gcc/arm-none-eabi/13.3.1/../../../../arm-none-eabi/lib/thumb/v7e-m+fp/hard/libc_nano.a(libc_a-impure.o)
                              /Applications/STM32CubeIDE.app/Contents/Eclipse/plugins/com.st.stm32cube.ide.mcu.externaltools.gnu-tools-for-stm32.13.3.rel1.macos64_1.0.0.202411102158/tools/bin/../lib/gcc/arm-none-eabi/13.3.1/../../../../arm-none-eabi/lib/thumb/v7e-m+fp/hard/libc_nano.a(libc_a-errno.o) (_impure_ptr)
/Applications/STM32CubeIDE.app/Contents/Eclipse/plugins/com.st.stm32cube.ide.mcu.externaltools.gnu-tools-for-stm32.13.3.rel1.macos64_1.0.0.202411102158/tools/bin/../lib/gcc/arm-none-eabi/13.3.1/../../../../arm-none-eabi/lib/thumb/v7e-m+fp/hard/libc_nano.a(libc_a-mallocr.o)
[...]
Memory Configuration

Name             Origin             Length             Attributes
RAM              0x20000000         0x00020000         xrw
FLASH            0x08000000         0x00080000         xr
*default*        0x00000000         0xffffffff

Linker script and memory map

LOAD /Applications/STM32CubeIDE.app/Contents/Eclipse/plugins/com.st.stm32cube.ide.mcu.externaltools.gnu-tools-for-stm32.13.3.rel1.macos64_1.0.0.202411102158/tools/bin/../lib/gcc/arm-none-eabi/13.3.1/thumb/v7e-m+fp/hard/crti.o
LOAD /Applications/STM32CubeIDE.app/Contents/Eclipse/plugins/com.st.stm32cube.ide.mcu.externaltools.gnu-tools-for-stm32.13.3.rel1.macos64_1.0.0.202411102158/tools/bin/../lib/gcc/arm-none-eabi/13.3.1/thumb/v7e-m+fp/hard/crtbegin.o
LOAD /Applications/STM32CubeIDE.app/Contents/Eclipse/plugins/com.st.stm32cube.ide.mcu.externaltools.gnu-tools-for-stm32.13.3.rel1.macos64_1.0.0.202411102158/tools/bin/../lib/gcc/arm-none-eabi/13.3.1/../../../../arm-none-eabi/lib/thumb/v7e-m+fp/hard/crt0.o
LOAD ./Core/Src/main.o
LOAD ./Core/Src/stm32f4xx_hal_msp.o
LOAD ./Core/Src/stm32f4xx_it.o
LOAD ./Core/Src/syscalls.o
LOAD ./Core/Src/sysmem.o
LOAD ./Core/Src/system_stm32f4xx.o
LOAD ./Core/Startup/startup_stm32f411vetx.o
LOAD ./Drivers/STM32F4xx_HAL_Driver/Src/stm32f4xx_hal.o
LOAD ./Drivers/STM32F4xx_HAL_Driver/Src/stm32f4xx_hal_cortex.o
LOAD ./Drivers/STM32F4xx_HAL_Driver/Src/stm32f4xx_hal_dma.o
LOAD ./Drivers/STM32F4xx_HAL_Driver/Src/stm32f4xx_hal_dma_ex.o
LOAD ./Drivers/STM32F4xx_HAL_Driver/Src/stm32f4xx_hal_exti.o
LOAD ./Drivers/STM32F4xx_HAL_Driver/Src/stm32f4xx_hal_flash.o
LOAD ./Drivers/STM32F4xx_HAL_Driver/Src/stm32f4xx_hal_flash_ex.o
LOAD ./Drivers/STM32F4xx_HAL_Driver/Src/stm32f4xx_hal_flash_ramfunc.o
LOAD ./Drivers/STM32F4xx_HAL_Driver/Src/stm32f4xx_hal_gpio.o
LOAD ./Drivers/STM32F4xx_HAL_Driver/Src/stm32f4xx_hal_pcd.o
LOAD ./Drivers/STM32F4xx_HAL_Driver/Src/stm32f4xx_hal_pcd_ex.o
LOAD ./Drivers/STM32F4xx_HAL_Driver/Src/stm32f4xx_hal_pwr.o
LOAD ./Drivers/STM32F4xx_HAL_Driver/Src/stm32f4xx_hal_pwr_ex.o
LOAD ./Drivers/STM32F4xx_HAL_Driver/Src/stm32f4xx_hal_rcc.o
LOAD ./Drivers/STM32F4xx_HAL_Driver/Src/stm32f4xx_hal_rcc_ex.o
LOAD ./Drivers/STM32F4xx_HAL_Driver/Src/stm32f4xx_ll_usb.o
LOAD ./Middlewares/ST/STM32_USB_Device_Library/Class/CDC/Src/usbd_cdc.o
LOAD ./Middlewares/ST/STM32_USB_Device_Library/Core/Src/usbd_core.o
LOAD ./Middlewares/ST/STM32_USB_Device_Library/Core/Src/usbd_ctlreq.o
LOAD ./Middlewares/ST/STM32_USB_Device_Library/Core/Src/usbd_ioreq.o
LOAD ./USB_DEVICE/App/usb_device.o
LOAD ./USB_DEVICE/App/usbd_cdc_if.o
LOAD ./USB_DEVICE/App/usbd_desc.o
LOAD ./USB_DEVICE/Target/usbd_conf.o
START GROUP
LOAD /Applications/STM32CubeIDE.app/Contents/Eclipse/plugins/com.st.stm32cube.ide.mcu.externaltools.gnu-tools-for-stm32.13.3.rel1.macos64_1.0.0.202411102158/tools/bin/../lib/gcc/arm-none-eabi/13.3.1/../../../../arm-none-eabi/lib/thumb/v7e-m+fp/hard/libc_nano.a
LOAD /Applications/STM32CubeIDE.app/Contents/Eclipse/plugins/com.st.stm32cube.ide.mcu.externaltools.gnu-tools-for-stm32.13.3.rel1.macos64_1.0.0.202411102158/tools/bin/../lib/gcc/arm-none-eabi/13.3.1/../../../../arm-none-eabi/lib/thumb/v7e-m+fp/hard/libm.a
END GROUP
START GROUP
LOAD /Applications/STM32CubeIDE.app/Contents/Eclipse/plugins/com.st.stm32cube.ide.mcu.externaltools.gnu-tools-for-stm32.13.3.rel1.macos64_1.0.0.202411102158/tools/bin/../lib/gcc/arm-none-eabi/13.3.1/thumb/v7e-m+fp/hard/libgcc.a
LOAD /Applications/STM32CubeIDE.app/Contents/Eclipse/plugins/com.st.stm32cube.ide.mcu.externaltools.gnu-tools-for-stm32.13.3.rel1.macos64_1.0.0.202411102158/tools/bin/../lib/gcc/arm-none-eabi/13.3.1/../../../../arm-none-eabi/lib/thumb/v7e-m+fp/hard/libc_nano.a
END GROUP
START GROUP
LOAD /Applications/STM32CubeIDE.app/Contents/Eclipse/plugins/com.st.stm32cube.ide.mcu.externaltools.gnu-tools-for-stm32.13.3.rel1.macos64_1.0.0.202411102158/tools/bin/../lib/gcc/arm-none-eabi/13.3.1/thumb/v7e-m+fp/hard/libgcc.a
LOAD /Applications/STM32CubeIDE.app/Contents/Eclipse/plugins/com.st.stm32cube.ide.mcu.externaltools.gnu-tools-for-stm32.13.3.rel1.macos64_1.0.0.202411102158/tools/bin/../lib/gcc/arm-none-eabi/13.3.1/../../../../arm-none-eabi/lib/thumb/v7e-m+fp/hard/libc_nano.a
LOAD /Applications/STM32CubeIDE.app/Contents/Eclipse/plugins/com.st.stm32cube.ide.mcu.externaltools.gnu-tools-for-stm32.13.3.rel1.macos64_1.0.0.202411102158/tools/bin/../lib/gcc/arm-none-eabi/13.3.1/../../../../arm-none-eabi/lib/thumb/v7e-m+fp/hard/libnosys.a
END GROUP
START GROUP
LOAD /Applications/STM32CubeIDE.app/Contents/Eclipse/plugins/com.st.stm32cube.ide.mcu.externaltools.gnu-tools-for-stm32.13.3.rel1.macos64_1.0.0.202411102158/tools/bin/../lib/gcc/arm-none-eabi/13.3.1/thumb/v7e-m+fp/hard/libgcc.a
LOAD /Applications/STM32CubeIDE.app/Contents/Eclipse/plugins/com.st.stm32cube.ide.mcu.externaltools.gnu-tools-for-stm32.13.3.rel1.macos64_1.0.0.202411102158/tools/bin/../lib/gcc/arm-none-eabi/13.3.1/../../../../arm-none-eabi/lib/thumb/v7e-m+fp/hard/libc_nano.a
LOAD /Applications/STM32CubeIDE.app/Contents/Eclipse/plugins/com.st.stm32cube.ide.mcu.externaltools.gnu-tools-for-stm32.13.3.rel1.macos64_1.0.0.202411102158/tools/bin/../lib/gcc/arm-none-eabi/13.3.1/../../../../arm-none-eabi/lib/thumb/v7e-m+fp/hard/libnosys.a
END GROUP
LOAD /Applications/STM32CubeIDE.app/Contents/Eclipse/plugins/com.st.stm32cube.ide.mcu.externaltools.gnu-tools-for-stm32.13.3.rel1.macos64_1.0.0.202411102158/tools/bin/../lib/gcc/arm-none-eabi/13.3.1/thumb/v7e-m+fp/hard/crtend.o
LOAD /Applications/STM32CubeIDE.app/Contents/Eclipse/plugins/com.st.stm32cube.ide.mcu.externaltools.gnu-tools-for-stm32.13.3.rel1.macos64_1.0.0.202411102158/tools/bin/../lib/gcc/arm-none-eabi/13.3.1/thumb/v7e-m+fp/hard/crtn.o
                0x20020000                        _estack = (ORIGIN (RAM) + LENGTH (RAM))
                0x00000200                        _Min_Heap_Size = 0x200
                0x00000400                        _Min_Stack_Size = 0x400

.isr_vector     0x08000000      0x198
                0x08000000                        . = ALIGN (0x4)
 *(.isr_vector)
 .isr_vector    0x08000000      0x198 ./Core/Startup/startup_stm32f411vetx.o
                0x08000000                g_pfnVectors
                0x08000198                        . = ALIGN (0x4)

.text           0x08000198     0x6bd0
                0x08000198                        . = ALIGN (0x4)
 *(.text)
 .text          0x08000198       0x40 /Applications/STM32CubeIDE.app/Contents/Eclipse/plugins/com.st.stm32cube.ide.mcu.externaltools.gnu-tools-for-stm32.13.3.rel1.macos64_1.0.0.202411102158/tools/bin/../lib/gcc/arm-none-eabi/13.3.1/thumb/v7e-m+fp/hard/crtbegin.o
 .text          0x080001d8       0x30 /Applications/STM32CubeIDE.app/Contents/Eclipse/plugins/com.st.stm32cube.ide.mcu.externaltools.gnu-tools-for-stm32.13.3.rel1.macos64_1.0.0.202411102158/tools/bin/../lib/gcc/arm-none-eabi/13.3.1/thumb/v7e-m+fp/hard/libgcc.a(_aeabi_uldivmod.o)
                0x080001d8                __aeabi_uldivmod
 .text          0x08000208      0x2f8 /Applications/STM32CubeIDE.app/Contents/Eclipse/plugins/com.st.stm32cube.ide.mcu.externaltools.gnu-tools-for-stm32.13.3.rel1.macos64_1.0.0.202411102158/tools/bin/../lib/gcc/arm-none-eabi/13.3.1/thumb/v7e-m+fp/hard/libgcc.a(_udivmoddi4.o)
                0x08000208                __udivmoddi4
 .text          0x08000500        0x4 /Applications/STM32CubeIDE.app/Contents/Eclipse/plugins/com.st.stm32cube.ide.mcu.externaltools.gnu-tools-for-stm32.13.3.rel1.macos64_1.0.0.202411102158/tools/bin/../lib/gcc/arm-none-eabi/13.3.1/thumb/v7e-m+fp/hard/libgcc.a(_dvmd_tls.o)
                0x08000500                __aeabi_ldiv0
                0x08000500                __aeabi_idiv0
 *(.text*)
 .text.main     0x08000504       0x1e ./Core/Src/main.o
                0x08000504                main
 *fill*         0x08000522        0x2 
 .text.CDC_ReceiveCallBack
                0x08000524       0x2c ./Core/Src/main.o
                0x08000524                CDC_ReceiveCallBack
 .text.SystemClock_Config
                0x08000550       0xd0 ./Core/Src/main.o
                0x08000550                SystemClock_Config
 .text.MX_GPIO_Init
                0x08000620       0xa4 ./Core/Src/main.o
 .text.Error_Handler
                0x080006c4        0xc ./Core/Src/main.o
                0x080006c4                Error_Handler
 .text.HAL_MspInit
                0x080006d0       0x50 ./Core/Src/stm32f4xx_hal_msp.o
                0x080006d0                HAL_MspInit
 .text.NMI_Handler
                0x08000720        0x8 ./Core/Src/stm32f4xx_it.o
                0x08000720                NMI_Handler
 .text.HardFault_Handler
                0x08000728        0x8 ./Core/Src/stm32f4xx_it.o
                0x08000728                HardFault_Handler
 .text.MemManage_Handler
                0x08000730        0x8 ./Core/Src/stm32f4xx_it.o
                0x08000730                MemManage_Handler
 .text.BusFault_Handler
                0x08000738        0x8 ./Core/Src/stm32f4xx_it.o
                0x08000738                BusFault_Handler
 .text.UsageFault_Handler
                0x08000740        0x8 ./Core/Src/stm32f4xx_it.o
                0x08000740                UsageFault_Handler
 .text.SVC_Handler
                0x08000748        0xe ./Core/Src/stm32f4xx_it.o
                0x08000748                SVC_Handler
 .text.DebugMon_Handler
                0x08000756        0xe ./Core/Src/stm32f4xx_it.o
                0x08000756                DebugMon_Handler
 .text.PendSV_Handler
                0x08000764        0xe ./Core/Src/stm32f4xx_it.o
                0x08000764                PendSV_Handler
 .text.SysTick_Handler
                0x08000772        0xc ./Core/Src/stm32f4xx_it.o
                0x08000772                SysTick_Handler
 *fill*         0x0800077e        0x2 
 .text.OTG_FS_IRQHandler
                0x08000780       0x14 ./Core/Src/stm32f4xx_it.o
                0x08000780                OTG_FS_IRQHandler
 .text.SystemInit
                0x08000794       0x24 ./Core/Src/system_stm32f4xx.o
                0x08000794                SystemInit
 .text.Reset_Handler
                0x080007b8       0x50 ./Core/Startup/startup_stm32f411vetx.o
                0x080007b8                Reset_Handler
 .text.Default_Handler
                0x08000808        0x2 ./Core/Startup/startup_stm32f411vetx.o
                0x08000808                DMA1_Stream3_IRQHandler
                0x08000808                EXTI2_IRQHandler
                0x08000808                SPI4_IRQHandler
                0x08000808                TIM1_CC_IRQHandler
                0x08000808                DMA2_Stream5_IRQHandler
                0x08000808                DMA1_Stream5_IRQHandler
                0x08000808                PVD_IRQHandler
                0x08000808                SDIO_IRQHandler
                0x08000808                TAMP_STAMP_IRQHandler
                0x08000808                EXTI3_IRQHandler
                0x08000808                TIM1_UP_TIM10_IRQHandler
                0x08000808                I2C3_ER_IRQHandler
                0x08000808                EXTI0_IRQHandler
                0x08000808                I2C2_EV_IRQHandler
                0x08000808                DMA1_Stream2_IRQHandler
                0x08000808                DMA2_Stream2_IRQHandler
                0x08000808                SPI1_IRQHandler
                0x08000808                TIM1_BRK_TIM9_IRQHandler
                0x08000808                DMA2_Stream3_IRQHandler
                0x08000808                USART6_IRQHandler
                0x08000808                DMA2_Stream0_IRQHandler
                0x08000808                TIM4_IRQHandler
                0x08000808                I2C1_EV_IRQHandler
                0x08000808                DMA1_Stream6_IRQHandler
                0x08000808                DMA1_Stream1_IRQHandler
                0x08000808                TIM3_IRQHandler
                0x08000808                RCC_IRQHandler
                0x08000808                Default_Handler
                0x08000808                EXTI15_10_IRQHandler
                0x08000808                ADC_IRQHandler
                0x08000808                DMA1_Stream7_IRQHandler
                0x08000808                SPI5_IRQHandler
                0x08000808                TIM5_IRQHandler
                0x08000808                DMA2_Stream7_IRQHandler
                0x08000808                I2C3_EV_IRQHandler
                0x08000808                EXTI9_5_IRQHandler
                0x08000808                RTC_WKUP_IRQHandler
                0x08000808                SPI2_IRQHandler
                0x08000808                DMA1_Stream0_IRQHandler
                0x08000808                EXTI4_IRQHandler
                0x08000808                WWDG_IRQHandler
                0x08000808                TIM2_IRQHandler
                0x08000808                OTG_FS_WKUP_IRQHandler
                0x08000808                TIM1_TRG_COM_TIM11_IRQHandler
                0x08000808                EXTI1_IRQHandler
                0x08000808                USART2_IRQHandler
                0x08000808                I2C2_ER_IRQHandler
                0x08000808                DMA2_Stream1_IRQHandler
                0x08000808                FLASH_IRQHandler
                0x08000808                DMA2_Stream4_IRQHandler
                0x08000808                USART1_IRQHandler
                0x08000808                SPI3_IRQHandler
                0x08000808                DMA1_Stream4_IRQHandler
                0x08000808                I2C1_ER_IRQHandler
                0x08000808                DMA2_Stream6_IRQHandler
                0x08000808                RTC_Alarm_IRQHandler
 *fill*         0x0800080a        0x2 
 .text.HAL_Init
                0x0800080c       0x44 ./Drivers/STM32F4xx_HAL_Driver/Src/stm32f4xx_hal.o
                0x0800080c                HAL_Init
 .text.HAL_InitTick
                0x08000850       0x60 ./Drivers/STM32F4xx_HAL_Driver/Src/stm32f4xx_hal.o
                0x08000850                HAL_InitTick
 .text.HAL_IncTick
                0x080008b0       0x28 ./Drivers/STM32F4xx_HAL_Driver/Src/stm32f4xx_hal.o
                0x080008b0                HAL_IncTick
 .text.HAL_GetTick
                0x080008d8       0x18 ./Drivers/STM32F4xx_HAL_Driver/Src/stm32f4xx_hal.o
                0x080008d8                HAL_GetTick
 .text.HAL_Delay
                0x080008f0       0x48 ./Drivers/STM32F4xx_HAL_Driver/Src/stm32f4xx_hal.o
                0x080008f0                HAL_Delay
 .text.__NVIC_SetPriorityGrouping
                0x08000938       0x48 ./Drivers/STM32F4xx_HAL_Driver/Src/stm32f4xx_hal_cortex.o
 .text.__NVIC_GetPriorityGrouping
                0x08000980       0x1c ./Drivers/STM32F4xx_HAL_Driver/Src/stm32f4xx_hal_cortex.o
 .text.__NVIC_EnableIRQ
                0x0800099c       0x3c ./Drivers/STM32F4xx_HAL_Driver/Src/stm32f4xx_hal_cortex.o
 .text.__NVIC_SetPriority
                0x080009d8       0x54 ./Drivers/STM32F4xx_HAL_Driver/Src/stm32f4xx_hal_cortex.o
 .text.NVIC_EncodePriority
                0x08000a2c       0x66 ./Drivers/STM32F4xx_HAL_Driver/Src/stm32f4xx_hal_cortex.o
 *fill*         0x08000a92        0x2 
 .text.SysTick_Config
                0x08000a94       0x44 ./Drivers/STM32F4xx_HAL_Driver/Src/stm32f4xx_hal_cortex.o
 .text.HAL_NVIC_SetPriorityGrouping
                0x08000ad8       0x16 ./Drivers/STM32F4xx_HAL_Driver/Src/stm32f4xx_hal_cortex.o
                0x08000ad8                HAL_NVIC_SetPriorityGrouping
 .text.HAL_NVIC_SetPriority
                0x08000aee       0x38 ./Drivers/STM32F4xx_HAL_Driver/Src/stm32f4xx_hal_cortex.o
                0x08000aee                HAL_NVIC_SetPriority
 .text.HAL_NVIC_EnableIRQ
                0x08000b26       0x1c ./Drivers/STM32F4xx_HAL_Driver/Src/stm32f4xx_hal_cortex.o
                0x08000b26                HAL_NVIC_EnableIRQ
 .text.HAL_SYSTICK_Config
                0x08000b42       0x18 ./Drivers/STM32F4xx_HAL_Driver/Src/stm32f4xx_hal_cortex.o
                0x08000b42                HAL_SYSTICK_Config
 *fill*         0x08000b5a        0x2 
 .text.HAL_GPIO_Init
                0x08000b5c      0x308 ./Drivers/STM32F4xx_HAL_Driver/Src/stm32f4xx_hal_gpio.o
                0x08000b5c                HAL_GPIO_Init
 .text.HAL_GPIO_WritePin
                0x08000e64       0x32 ./Drivers/STM32F4xx_HAL_Driver/Src/stm32f4xx_hal_gpio.o
                0x08000e64                HAL_GPIO_WritePin
 .text.HAL_GPIO_TogglePin
                0x08000e96       0x34 ./Drivers/STM32F4xx_HAL_Driver/Src/stm32f4xx_hal_gpio.o
                0x08000e96                HAL_GPIO_TogglePin
 .text.HAL_PCD_Init
                0x08000eca      0x21e ./Drivers/STM32F4xx_HAL_Driver/Src/stm32f4xx_hal_pcd.o
                0x08000eca                HAL_PCD_Init
 .text.HAL_PCD_Start
                0x080010e8       0x6a ./Drivers/STM32F4xx_HAL_Driver/Src/stm32f4xx_hal_pcd.o
                0x080010e8                HAL_PCD_Start
 .text.HAL_PCD_IRQHandler
                0x08001152      0x942 ./Drivers/STM32F4xx_HAL_Driver/Src/stm32f4xx_hal_pcd.o
                0x08001152                HAL_PCD_IRQHandler
 .text.HAL_PCD_SetAddress
                0x08001a94       0x48 ./Drivers/STM32F4xx_HAL_Driver/Src/stm32f4xx_hal_pcd.o
                0x08001a94                HAL_PCD_SetAddress
 .text.HAL_PCD_EP_Open
                0x08001adc       0xd4 ./Drivers/STM32F4xx_HAL_Driver/Src/stm32f4xx_hal_pcd.o
                0x08001adc                HAL_PCD_EP_Open
 .text.HAL_PCD_EP_Close
                0x08001bb0       0x94 ./Drivers/STM32F4xx_HAL_Driver/Src/stm32f4xx_hal_pcd.o
                0x08001bb0                HAL_PCD_EP_Close
 .text.HAL_PCD_EP_Receive
                0x08001c44       0x76 ./Drivers/STM32F4xx_HAL_Driver/Src/stm32f4xx_hal_pcd.o
                0x08001c44                HAL_PCD_EP_Receive
 .text.HAL_PCD_EP_GetRxCount
                0x08001cba       0x30 ./Drivers/STM32F4xx_HAL_Driver/Src/stm32f4xx_hal_pcd.o
                0x08001cba                HAL_PCD_EP_GetRxCount
 .text.HAL_PCD_EP_Transmit
                0x08001cea       0x74 ./Drivers/STM32F4xx_HAL_Driver/Src/stm32f4xx_hal_pcd.o
                0x08001cea                HAL_PCD_EP_Transmit
 .text.HAL_PCD_EP_SetStall
                0x08001d5e       0xc6 ./Drivers/STM32F4xx_HAL_Driver/Src/stm32f4xx_hal_pcd.o
                0x08001d5e                HAL_PCD_EP_SetStall
 .text.HAL_PCD_EP_ClrStall
                0x08001e24       0xac ./Drivers/STM32F4xx_HAL_Driver/Src/stm32f4xx_hal_pcd.o
                0x08001e24                HAL_PCD_EP_ClrStall
 .text.HAL_PCD_EP_Abort
                0x08001ed0       0x62 ./Drivers/STM32F4xx_HAL_Driver/Src/stm32f4xx_hal_pcd.o
                0x08001ed0                HAL_PCD_EP_Abort
 .text.PCD_WriteEmptyTxFifo
                0x08001f32      0x118 ./Drivers/STM32F4xx_HAL_Driver/Src/stm32f4xx_hal_pcd.o
 *fill*         0x0800204a        0x2 
 .text.PCD_EP_OutXfrComplete_int
                0x0800204c      0x1d0 ./Drivers/STM32F4xx_HAL_Driver/Src/stm32f4xx_hal_pcd.o
 .text.PCD_EP_OutSetupPacket_int
                0x0800221c       0x8c ./Drivers/STM32F4xx_HAL_Driver/Src/stm32f4xx_hal_pcd.o
 .text.HAL_PCDEx_SetTxFiFo
                0x080022a8       0x8e ./Drivers/STM32F4xx_HAL_Driver/Src/stm32f4xx_hal_pcd_ex.o
                0x080022a8                HAL_PCDEx_SetTxFiFo
 .text.HAL_PCDEx_SetRxFiFo
                0x08002336       0x22 ./Drivers/STM32F4xx_HAL_Driver/Src/stm32f4xx_hal_pcd_ex.o
                0x08002336                HAL_PCDEx_SetRxFiFo
 .text.HAL_PCDEx_LPM_Callback
                0x08002358       0x18 ./Drivers/STM32F4xx_HAL_Driver/Src/stm32f4xx_hal_pcd_ex.o
                0x08002358                HAL_PCDEx_LPM_Callback
 .text.HAL_RCC_OscConfig
                0x08002370      0x4f0 ./Drivers/STM32F4xx_HAL_Driver/Src/stm32f4xx_hal_rcc.o
                0x08002370                HAL_RCC_OscConfig
 .text.HAL_RCC_ClockConfig
                0x08002860      0x1cc ./Drivers/STM32F4xx_HAL_Driver/Src/stm32f4xx_hal_rcc.o
                0x08002860                HAL_RCC_ClockConfig
 .text.HAL_RCC_GetSysClockFreq
                0x08002a2c      0x20c ./Drivers/STM32F4xx_HAL_Driver/Src/stm32f4xx_hal_rcc.o
                0x08002a2c                HAL_RCC_GetSysClockFreq
 .text.HAL_RCC_GetHCLKFreq
                0x08002c38       0x18 ./Drivers/STM32F4xx_HAL_Driver/Src/stm32f4xx_hal_rcc.o
                0x08002c38                HAL_RCC_GetHCLKFreq
 .text.USB_CoreInit
                0x08002c50       0xc8 ./Drivers/STM32F4xx_HAL_Driver/Src/stm32f4xx_ll_usb.o
                0x08002c50                USB_CoreInit
 .text.USB_SetTurnaroundTime
                0x08002d18      0x144 ./Drivers/STM32F4xx_HAL_Driver/Src/stm32f4xx_ll_usb.o
                0x08002d18                USB_SetTurnaroundTime
 .text.USB_EnableGlobalInt
                0x08002e5c       0x22 ./Drivers/STM32F4xx_HAL_Driver/Src/stm32f4xx_ll_usb.o
                0x08002e5c                USB_EnableGlobalInt
 .text.USB_DisableGlobalInt
                0x08002e7e       0x22 ./Drivers/STM32F4xx_HAL_Driver/Src/stm32f4xx_ll_usb.o
                0x08002e7e                USB_DisableGlobalInt
 .text.USB_SetCurrentMode
                0x08002ea0       0x98 ./Drivers/STM32F4xx_HAL_Driver/Src/stm32f4xx_ll_usb.o
                0x08002ea0                USB_SetCurrentMode
 .text.USB_DevInit
                0x08002f38      0x2c8 ./Drivers/STM32F4xx_HAL_Driver/Src/stm32f4xx_ll_usb.o
                0x08002f38                USB_DevInit
 .text.USB_FlushTxFifo
                0x08003200       0x64 ./Drivers/STM32F4xx_HAL_Driver/Src/stm32f4xx_ll_usb.o
                0x08003200                USB_FlushTxFifo
 .text.USB_FlushRxFifo
                0x08003264       0x5c ./Drivers/STM32F4xx_HAL_Driver/Src/stm32f4xx_ll_usb.o
                0x08003264                USB_FlushRxFifo
 .text.USB_SetDevSpeed
                0x080032c0       0x32 ./Drivers/STM32F4xx_HAL_Driver/Src/stm32f4xx_ll_usb.o
                0x080032c0                USB_SetDevSpeed
 .text.USB_GetDevSpeed
                0x080032f2       0x4a ./Drivers/STM32F4xx_HAL_Driver/Src/stm32f4xx_ll_usb.o
                0x080032f2                USB_GetDevSpeed
 .text.USB_ActivateEndpoint
                0x0800333c      0x10e ./Drivers/STM32F4xx_HAL_Driver/Src/stm32f4xx_ll_usb.o
                0x0800333c                USB_ActivateEndpoint
 *fill*         0x0800344a        0x2 
 .text.USB_DeactivateEndpoint
                0x0800344c      0x1b8 ./Drivers/STM32F4xx_HAL_Driver/Src/stm32f4xx_ll_usb.o
                0x0800344c                USB_DeactivateEndpoint
 .text.USB_EPStartXfer
                0x08003604      0x53c ./Drivers/STM32F4xx_HAL_Driver/Src/stm32f4xx_ll_usb.o
                0x08003604                USB_EPStartXfer
 .text.USB_EPStopXfer
                0x08003b40      0x154 ./Drivers/STM32F4xx_HAL_Driver/Src/stm32f4xx_ll_usb.o
                0x08003b40                USB_EPStopXfer
 .text.USB_WritePacket
                0x08003c94       0x7c ./Drivers/STM32F4xx_HAL_Driver/Src/stm32f4xx_ll_usb.o
                0x08003c94                USB_WritePacket
 .text.USB_ReadPacket
                0x08003d10       0xb0 ./Drivers/STM32F4xx_HAL_Driver/Src/stm32f4xx_ll_usb.o
                0x08003d10                USB_ReadPacket
 .text.USB_EPSetStall
                0x08003dc0       0xdc ./Drivers/STM32F4xx_HAL_Driver/Src/stm32f4xx_ll_usb.o
                0x08003dc0                USB_EPSetStall
 .text.USB_EPClearStall
                0x08003e9c       0xcc ./Drivers/STM32F4xx_HAL_Driver/Src/stm32f4xx_ll_usb.o
                0x08003e9c                USB_EPClearStall
 .text.USB_SetDevAddress
                0x08003f68       0x4c ./Drivers/STM32F4xx_HAL_Driver/Src/stm32f4xx_ll_usb.o
                0x08003f68                USB_SetDevAddress
 .text.USB_DevConnect
                0x08003fb4       0x42 ./Drivers/STM32F4xx_HAL_Driver/Src/stm32f4xx_ll_usb.o
                0x08003fb4                USB_DevConnect
 .text.USB_DevDisconnect
                0x08003ff6       0x42 ./Drivers/STM32F4xx_HAL_Driver/Src/stm32f4xx_ll_usb.o
                0x08003ff6                USB_DevDisconnect
 .text.USB_ReadInterrupts
                0x08004038       0x26 ./Drivers/STM32F4xx_HAL_Driver/Src/stm32f4xx_ll_usb.o
                0x08004038                USB_ReadInterrupts
 .text.USB_ReadDevAllOutEpInterrupt
                0x0800405e       0x34 ./Drivers/STM32F4xx_HAL_Driver/Src/stm32f4xx_ll_usb.o
                0x0800405e                USB_ReadDevAllOutEpInterrupt
 .text.USB_ReadDevAllInEpInterrupt
                0x08004092       0x34 ./Drivers/STM32F4xx_HAL_Driver/Src/stm32f4xx_ll_usb.o
                0x08004092                USB_ReadDevAllInEpInterrupt
 .text.USB_ReadDevOutEPInterrupt
                0x080040c6       0x3c ./Drivers/STM32F4xx_HAL_Driver/Src/stm32f4xx_ll_usb.o
                0x080040c6                USB_ReadDevOutEPInterrupt
 .text.USB_ReadDevInEPInterrupt
                0x08004102       0x5c ./Drivers/STM32F4xx_HAL_Driver/Src/stm32f4xx_ll_usb.o
                0x08004102                USB_ReadDevInEPInterrupt
 .text.USB_GetMode
                0x0800415e       0x1c ./Drivers/STM32F4xx_HAL_Driver/Src/stm32f4xx_ll_usb.o
                0x0800415e                USB_GetMode
 .text.USB_ActivateSetup
                0x0800417a       0x46 ./Drivers/STM32F4xx_HAL_Driver/Src/stm32f4xx_ll_usb.o
                0x0800417a                USB_ActivateSetup
 .text.USB_EP0_OutStart
                0x080041c0       0xbc ./Drivers/STM32F4xx_HAL_Driver/Src/stm32f4xx_ll_usb.o
                0x080041c0                USB_EP0_OutStart
 .text.USB_CoreReset
                0x0800427c       0x70 ./Drivers/STM32F4xx_HAL_Driver/Src/stm32f4xx_ll_usb.o
 .text.USBD_CDC_Init
                0x080042ec      0x1f0 ./Middlewares/ST/STM32_USB_Device_Library/Class/CDC/Src/usbd_cdc.o
 .text.USBD_CDC_DeInit
                0x080044dc      0x104 ./Middlewares/ST/STM32_USB_Device_Library/Class/CDC/Src/usbd_cdc.o
 .text.USBD_CDC_Setup
                0x080045e0      0x1b8 ./Middlewares/ST/STM32_USB_Device_Library/Class/CDC/Src/usbd_cdc.o
 .text.USBD_CDC_DataIn
                0x08004798       0xfe ./Middlewares/ST/STM32_USB_Device_Library/Class/CDC/Src/usbd_cdc.o
 .text.USBD_CDC_DataOut
                0x08004896       0x70 ./Middlewares/ST/STM32_USB_Device_Library/Class/CDC/Src/usbd_cdc.o
 .text.USBD_CDC_EP0_RxReady
                0x08004906       0x74 ./Middlewares/ST/STM32_USB_Device_Library/Class/CDC/Src/usbd_cdc.o
 *fill*         0x0800497a        0x2 
 .text.USBD_CDC_GetFSCfgDesc
                0x0800497c       0x70 ./Middlewares/ST/STM32_USB_Device_Library/Class/CDC/Src/usbd_cdc.o
 .text.USBD_CDC_GetHSCfgDesc
                0x080049ec       0x70 ./Middlewares/ST/STM32_USB_Device_Library/Class/CDC/Src/usbd_cdc.o
 .text.USBD_CDC_GetOtherSpeedCfgDesc
                0x08004a5c       0x70 ./Middlewares/ST/STM32_USB_Device_Library/Class/CDC/Src/usbd_cdc.o
 .text.USBD_CDC_GetDeviceQualifierDescriptor
                0x08004acc       0x20 ./Middlewares/ST/STM32_USB_Device_Library/Class/CDC/Src/usbd_cdc.o
                0x08004acc                USBD_CDC_GetDeviceQualifierDescriptor
 .text.USBD_CDC_RegisterInterface
                0x08004aec       0x34 ./Middlewares/ST/STM32_USB_Device_Library/Class/CDC/Src/usbd_cdc.o
                0x08004aec                USBD_CDC_RegisterInterface
 .text.USBD_CDC_SetTxBuffer
                0x08004b20       0x44 ./Middlewares/ST/STM32_USB_Device_Library/Class/CDC/Src/usbd_cdc.o
                0x08004b20                USBD_CDC_SetTxBuffer
 .text.USBD_CDC_SetRxBuffer
                0x08004b64       0x3a ./Middlewares/ST/STM32_USB_Device_Library/Class/CDC/Src/usbd_cdc.o
                0x08004b64                USBD_CDC_SetRxBuffer
 *fill*         0x08004b9e        0x2 
 .text.USBD_CDC_TransmitPacket
                0x08004ba0       0x80 ./Middlewares/ST/STM32_USB_Device_Library/Class/CDC/Src/usbd_cdc.o
                0x08004ba0                USBD_CDC_TransmitPacket
 .text.USBD_CDC_ReceivePacket
                0x08004c20       0x6c ./Middlewares/ST/STM32_USB_Device_Library/Class/CDC/Src/usbd_cdc.o
                0x08004c20                USBD_CDC_ReceivePacket
 .text.USBD_Init
                0x08004c8c       0x60 ./Middlewares/ST/STM32_USB_Device_Library/Core/Src/usbd_core.o
                0x08004c8c                USBD_Init
 .text.USBD_RegisterClass
                0x08004cec       0x6c ./Middlewares/ST/STM32_USB_Device_Library/Core/Src/usbd_core.o
                0x08004cec                USBD_RegisterClass
 .text.USBD_Start
                0x08004d58       0x18 ./Middlewares/ST/STM32_USB_Device_Library/Core/Src/usbd_core.o
                0x08004d58                USBD_Start
 .text.USBD_RunTestMode
                0x08004d70       0x16 ./Middlewares/ST/STM32_USB_Device_Library/Core/Src/usbd_core.o
                0x08004d70                USBD_RunTestMode
 .text.USBD_SetClassConfig
                0x08004d86       0x38 ./Middlewares/ST/STM32_USB_Device_Library/Core/Src/usbd_core.o
                0x08004d86                USBD_SetClassConfig
 .text.USBD_ClrClassConfig
                0x08004dbe       0x34 ./Middlewares/ST/STM32_USB_Device_Library/Core/Src/usbd_core.o
                0x08004dbe                USBD_ClrClassConfig
 .text.USBD_LL_SetupStage
                0x08004df2       0xaa ./Middlewares/ST/STM32_USB_Device_Library/Core/Src/usbd_core.o
                0x08004df2                USBD_LL_SetupStage
 .text.USBD_LL_DataOutStage
                0x08004e9c      0x178 ./Middlewares/ST/STM32_USB_Device_Library/Core/Src/usbd_core.o
                0x08004e9c                USBD_LL_DataOutStage
 .text.USBD_LL_DataInStage
                0x08005014      0x176 ./Middlewares/ST/STM32_USB_Device_Library/Core/Src/usbd_core.o
                0x08005014                USBD_LL_DataInStage
 .text.USBD_LL_Reset
                0x0800518a       0xa6 ./Middlewares/ST/STM32_USB_Device_Library/Core/Src/usbd_core.o
                0x0800518a                USBD_LL_Reset
 .text.USBD_LL_SetSpeed
                0x08005230       0x20 ./Middlewares/ST/STM32_USB_Device_Library/Core/Src/usbd_core.o
                0x08005230                USBD_LL_SetSpeed
 .text.USBD_LL_Suspend
                0x08005250       0x38 ./Middlewares/ST/STM32_USB_Device_Library/Core/Src/usbd_core.o
                0x08005250                USBD_LL_Suspend
 .text.USBD_LL_Resume
                0x08005288       0x30 ./Middlewares/ST/STM32_USB_Device_Library/Core/Src/usbd_core.o
                0x08005288                USBD_LL_Resume
 .text.USBD_LL_SOF
                0x080052b8       0x40 ./Middlewares/ST/STM32_USB_Device_Library/Core/Src/usbd_core.o
                0x080052b8                USBD_LL_SOF
 .text.USBD_LL_IsoINIncomplete
                0x080052f8       0x64 ./Middlewares/ST/STM32_USB_Device_Library/Core/Src/usbd_core.o
                0x080052f8                USBD_LL_IsoINIncomplete
 .text.USBD_LL_IsoOUTIncomplete
                0x0800535c       0x64 ./Middlewares/ST/STM32_USB_Device_Library/Core/Src/usbd_core.o
                0x0800535c                USBD_LL_IsoOUTIncomplete
 .text.USBD_LL_DevConnected
                0x080053c0       0x16 ./Middlewares/ST/STM32_USB_Device_Library/Core/Src/usbd_core.o
                0x080053c0                USBD_LL_DevConnected
 .text.USBD_LL_DevDisconnected
                0x080053d6       0x46 ./Middlewares/ST/STM32_USB_Device_Library/Core/Src/usbd_core.o
                0x080053d6                USBD_LL_DevDisconnected
 .text.USBD_CoreFindIF
                0x0800541c       0x1a ./Middlewares/ST/STM32_USB_Device_Library/Core/Src/usbd_core.o
                0x0800541c                USBD_CoreFindIF
 .text.USBD_CoreFindEP
                0x08005436       0x1a ./Middlewares/ST/STM32_USB_Device_Library/Core/Src/usbd_core.o
                0x08005436                USBD_CoreFindEP
 .text.USBD_GetEpDesc
                0x08005450       0x70 ./Middlewares/ST/STM32_USB_Device_Library/Core/Src/usbd_core.o
                0x08005450                USBD_GetEpDesc
 .text.USBD_GetNextDesc
                0x080054c0       0x38 ./Middlewares/ST/STM32_USB_Device_Library/Core/Src/usbd_core.o
                0x080054c0                USBD_GetNextDesc
 .text.SWAPBYTE
                0x080054f8       0x3e ./Middlewares/ST/STM32_USB_Device_Library/Core/Src/usbd_ctlreq.o
 *fill*         0x08005536        0x2 
 .text.USBD_StdDevReq
                0x08005538       0xe4 ./Middlewares/ST/STM32_USB_Device_Library/Core/Src/usbd_ctlreq.o
                0x08005538                USBD_StdDevReq
 .text.USBD_StdItfReq
                0x0800561c       0xd8 ./Middlewares/ST/STM32_USB_Device_Library/Core/Src/usbd_ctlreq.o
                0x0800561c                USBD_StdItfReq
 .text.USBD_StdEPReq
                0x080056f4      0x33e ./Middlewares/ST/STM32_USB_Device_Library/Core/Src/usbd_ctlreq.o
                0x080056f4                USBD_StdEPReq
 *fill*         0x08005a32        0x2 
 .text.USBD_GetDescriptor
                0x08005a34      0x2d4 ./Middlewares/ST/STM32_USB_Device_Library/Core/Src/usbd_ctlreq.o
 .text.USBD_SetAddress
                0x08005d08       0x88 ./Middlewares/ST/STM32_USB_Device_Library/Core/Src/usbd_ctlreq.o
 .text.USBD_SetConfig
                0x08005d90      0x154 ./Middlewares/ST/STM32_USB_Device_Library/Core/Src/usbd_ctlreq.o
 .text.USBD_GetConfig
                0x08005ee4       0x6c ./Middlewares/ST/STM32_USB_Device_Library/Core/Src/usbd_ctlreq.o
 .text.USBD_GetStatus
                0x08005f50       0x68 ./Middlewares/ST/STM32_USB_Device_Library/Core/Src/usbd_ctlreq.o
 .text.USBD_SetFeature
                0x08005fb8       0x52 ./Middlewares/ST/STM32_USB_Device_Library/Core/Src/usbd_ctlreq.o
 .text.USBD_ClrFeature
                0x0800600a       0x44 ./Middlewares/ST/STM32_USB_Device_Library/Core/Src/usbd_ctlreq.o
 .text.USBD_ParseSetupRequest
                0x0800604e       0x74 ./Middlewares/ST/STM32_USB_Device_Library/Core/Src/usbd_ctlreq.o
                0x0800604e                USBD_ParseSetupRequest
 .text.USBD_CtlError
                0x080060c2       0x22 ./Middlewares/ST/STM32_USB_Device_Library/Core/Src/usbd_ctlreq.o
                0x080060c2                USBD_CtlError
 .text.USBD_GetString
                0x080060e4       0xa4 ./Middlewares/ST/STM32_USB_Device_Library/Core/Src/usbd_ctlreq.o
                0x080060e4                USBD_GetString
 .text.USBD_GetLen
                0x08006188       0x34 ./Middlewares/ST/STM32_USB_Device_Library/Core/Src/usbd_ctlreq.o
 .text.USBD_CtlSendData
                0x080061bc       0x3c ./Middlewares/ST/STM32_USB_Device_Library/Core/Src/usbd_ioreq.o
                0x080061bc                USBD_CtlSendData
 .text.USBD_CtlContinueSendData
                0x080061f8       0x22 ./Middlewares/ST/STM32_USB_Device_Library/Core/Src/usbd_ioreq.o
                0x080061f8                USBD_CtlContinueSendData
 .text.USBD_CtlPrepareRx
                0x0800621a       0x42 ./Middlewares/ST/STM32_USB_Device_Library/Core/Src/usbd_ioreq.o
                0x0800621a                USBD_CtlPrepareRx
 .text.USBD_CtlContinueRx
                0x0800625c       0x22 ./Middlewares/ST/STM32_USB_Device_Library/Core/Src/usbd_ioreq.o
                0x0800625c                USBD_CtlContinueRx
 .text.USBD_CtlSendStatus
                0x0800627e       0x26 ./Middlewares/ST/STM32_USB_Device_Library/Core/Src/usbd_ioreq.o
                0x0800627e                USBD_CtlSendStatus
 .text.USBD_CtlReceiveStatus
                0x080062a4       0x26 ./Middlewares/ST/STM32_USB_Device_Library/Core/Src/usbd_ioreq.o
                0x080062a4                USBD_CtlReceiveStatus
 *fill*         0x080062ca        0x2 
 .text.MX_USB_DEVICE_Init
                0x080062cc       0x60 ./USB_DEVICE/App/usb_device.o
                0x080062cc                MX_USB_DEVICE_Init
 .text.CDC_Init_FS
                0x0800632c       0x28 ./USB_DEVICE/App/usbd_cdc_if.o
 .text.CDC_DeInit_FS
                0x08006354       0x10 ./USB_DEVICE/App/usbd_cdc_if.o
 .text.CDC_Control_FS
                0x08006364       0xbc ./USB_DEVICE/App/usbd_cdc_if.o
 .text.CDC_Receive_FS
                0x08006420       0x34 ./USB_DEVICE/App/usbd_cdc_if.o
 .text.CDC_Transmit_FS
                0x08006454       0x4c ./USB_DEVICE/App/usbd_cdc_if.o
                0x08006454                CDC_Transmit_FS
 .text.CDC_TransmitCplt_FS
                0x080064a0       0x22 ./USB_DEVICE/App/usbd_cdc_if.o
 *fill*         0x080064c2        0x2 
 .text.USBD_FS_DeviceDescriptor
                0x080064c4       0x24 ./USB_DEVICE/App/usbd_desc.o
                0x080064c4                USBD_FS_DeviceDescriptor
 .text.USBD_FS_LangIDStrDescriptor
                0x080064e8       0x24 ./USB_DEVICE/App/usbd_desc.o
                0x080064e8                USBD_FS_LangIDStrDescriptor
 .text.USBD_FS_ProductStrDescriptor
                0x0800650c       0x3c ./USB_DEVICE/App/usbd_desc.o
                0x0800650c                USBD_FS_ProductStrDescriptor
 .text.USBD_FS_ManufacturerStrDescriptor
                0x08006548       0x28 ./USB_DEVICE/App/usbd_desc.o
                0x08006548                USBD_FS_ManufacturerStrDescriptor
 .text.USBD_FS_SerialStrDescriptor
                0x08006570       0x24 ./USB_DEVICE/App/usbd_desc.o
                0x08006570                USBD_FS_SerialStrDescriptor
 .text.USBD_FS_ConfigStrDescriptor
                0x08006594       0x3c ./USB_DEVICE/App/usbd_desc.o
                0x08006594                USBD_FS_ConfigStrDescriptor
 .text.USBD_FS_InterfaceStrDescriptor
                0x080065d0       0x3c ./USB_DEVICE/App/usbd_desc.o
                0x080065d0                USBD_FS_InterfaceStrDescriptor
 .text.Get_SerialNum
                0x0800660c       0x58 ./USB_DEVICE/App/usbd_desc.o
 .text.IntToUnicode
                0x08006664       0x7e ./USB_DEVICE/App/usbd_desc.o
 *fill*         0x080066e2        0x2 
 .text.HAL_PCD_MspInit
                0x080066e4       0xa8 ./USB_DEVICE/Target/usbd_conf.o
                0x080066e4                HAL_PCD_MspInit
 .text.HAL_PCD_SetupStageCallback
                0x0800678c       0x24 ./USB_DEVICE/Target/usbd_conf.o
                0x0800678c                HAL_PCD_SetupStageCallback
 .text.HAL_PCD_DataOutStageCallback
                0x080067b0       0x36 ./USB_DEVICE/Target/usbd_conf.o
                0x080067b0                HAL_PCD_DataOutStageCallback
 .text.HAL_PCD_DataInStageCallback
                0x080067e6       0x34 ./USB_DEVICE/Target/usbd_conf.o
                0x080067e6                HAL_PCD_DataInStageCallback
 .text.HAL_PCD_SOFCallback
                0x0800681a       0x1c ./USB_DEVICE/Target/usbd_conf.o
                0x0800681a                HAL_PCD_SOFCallback
 .text.HAL_PCD_ResetCallback
                0x08006836       0x3c ./USB_DEVICE/Target/usbd_conf.o
                0x08006836                HAL_PCD_ResetCallback
 *fill*         0x08006872        0x2 
 .text.HAL_PCD_SuspendCallback
                0x08006874       0x4c ./USB_DEVICE/Target/usbd_conf.o
                0x08006874                HAL_PCD_SuspendCallback
 .text.HAL_PCD_ResumeCallback
                0x080068c0       0x1c ./USB_DEVICE/Target/usbd_conf.o
                0x080068c0                HAL_PCD_ResumeCallback
 .text.HAL_PCD_ISOOUTIncompleteCallback
                0x080068dc       0x24 ./USB_DEVICE/Target/usbd_conf.o
                0x080068dc                HAL_PCD_ISOOUTIncompleteCallback
 .text.HAL_PCD_ISOINIncompleteCallback
                0x08006900       0x24 ./USB_DEVICE/Target/usbd_conf.o
                0x08006900                HAL_PCD_ISOINIncompleteCallback
 .text.HAL_PCD_ConnectCallback
                0x08006924       0x1c ./USB_DEVICE/Target/usbd_conf.o
                0x08006924                HAL_PCD_ConnectCallback
 .text.HAL_PCD_DisconnectCallback
                0x08006940       0x1c ./USB_DEVICE/Target/usbd_conf.o
                0x08006940                HAL_PCD_DisconnectCallback
 .text.USBD_LL_Init
                0x0800695c       0x98 ./USB_DEVICE/Target/usbd_conf.o
                0x0800695c                USBD_LL_Init
 .text.USBD_LL_Start
                0x080069f4       0x36 ./USB_DEVICE/Target/usbd_conf.o
                0x080069f4                USBD_LL_Start
 .text.USBD_LL_OpenEP
                0x08006a2a       0x4c ./USB_DEVICE/Target/usbd_conf.o
                0x08006a2a                USBD_LL_OpenEP
 .text.USBD_LL_CloseEP
                0x08006a76       0x3e ./USB_DEVICE/Target/usbd_conf.o
                0x08006a76                USBD_LL_CloseEP
 .text.USBD_LL_StallEP
                0x08006ab4       0x3e ./USB_DEVICE/Target/usbd_conf.o
                0x08006ab4                USBD_LL_StallEP
 .text.USBD_LL_ClearStallEP
                0x08006af2       0x3e ./USB_DEVICE/Target/usbd_conf.o
                0x08006af2                USBD_LL_ClearStallEP
 .text.USBD_LL_IsStallEP
                0x08006b30       0x58 ./USB_DEVICE/Target/usbd_conf.o
                0x08006b30                USBD_LL_IsStallEP
 .text.USBD_LL_SetUSBAddress
                0x08006b88       0x3e ./USB_DEVICE/Target/usbd_conf.o
                0x08006b88                USBD_LL_SetUSBAddress
 .text.USBD_LL_Transmit
                0x08006bc6       0x42 ./USB_DEVICE/Target/usbd_conf.o
                0x08006bc6                USBD_LL_Transmit
 .text.USBD_LL_PrepareReceive
                0x08006c08       0x42 ./USB_DEVICE/Target/usbd_conf.o
                0x08006c08                USBD_LL_PrepareReceive
 .text.USBD_LL_GetRxDataSize
                0x08006c4a       0x26 ./USB_DEVICE/Target/usbd_conf.o
                0x08006c4a                USBD_LL_GetRxDataSize
 .text.USBD_static_malloc
                0x08006c70       0x1c ./USB_DEVICE/Target/usbd_conf.o
                0x08006c70                USBD_static_malloc
 .text.USBD_static_free
                0x08006c8c       0x14 ./USB_DEVICE/Target/usbd_conf.o
                0x08006c8c                USBD_static_free
 .text.USBD_Get_USB_Status
                0x08006ca0       0x58 ./USB_DEVICE/Target/usbd_conf.o
                0x08006ca0                USBD_Get_USB_Status
 .text.memset   0x08006cf8       0x10 /Applications/STM32CubeIDE.app/Contents/Eclipse/plugins/com.st.stm32cube.ide.mcu.externaltools.gnu-tools-for-stm32.13.3.rel1.macos64_1.0.0.202411102158/tools/bin/../lib/gcc/arm-none-eabi/13.3.1/../../../../arm-none-eabi/lib/thumb/v7e-m+fp/hard/libc_nano.a(libc_a-memset.o)
                0x08006cf8                memset
 .text.__libc_init_array
                0x08006d08       0x48 /Applications/STM32CubeIDE.app/Contents/Eclipse/plugins/com.st.stm32cube.ide.mcu.externaltools.gnu-tools-for-stm32.13.3.rel1.macos64_1.0.0.202411102158/tools/bin/../lib/gcc/arm-none-eabi/13.3.1/../../../../arm-none-eabi/lib/thumb/v7e-m+fp/hard/libc_nano.a(libc_a-init.o)
                0x08006d08                __libc_init_array
 *(.glue_7)
 .glue_7        0x08006d50        0x0 linker stubs
 *(.glue_7t)
 .glue_7t       0x08006d50        0x0 linker stubs
 *(.eh_frame)
 .eh_frame      0x08006d50        0x0 /Applications/STM32CubeIDE.app/Contents/Eclipse/plugins/com.st.stm32cube.ide.mcu.externaltools.gnu-tools-for-stm32.13.3.rel1.macos64_1.0.0.202411102158/tools/bin/../lib/gcc/arm-none-eabi/13.3.1/thumb/v7e-m+fp/hard/crtbegin.o
 *(.init)
 .init          0x08006d50        0x4 /Applications/STM32CubeIDE.app/Contents/Eclipse/plugins/com.st.stm32cube.ide.mcu.externaltools.gnu-tools-for-stm32.13.3.rel1.macos64_1.0.0.202411102158/tools/bin/../lib/gcc/arm-none-eabi/13.3.1/thumb/v7e-m+fp/hard/crti.o
                0x08006d50                _init
 .init          0x08006d54        0x8 /Applications/STM32CubeIDE.app/Contents/Eclipse/plugins/com.st.stm32cube.ide.mcu.externaltools.gnu-tools-for-stm32.13.3.rel1.macos64_1.0.0.202411102158/tools/bin/../lib/gcc/arm-none-eabi/13.3.1/thumb/v7e-m+fp/hard/crtn.o
 *(.fini)
 .fini          0x08006d5c        0x4 /Applications/STM32CubeIDE.app/Contents/Eclipse/plugins/com.st.stm32cube.ide.mcu.externaltools.gnu-tools-for-stm32.13.3.rel1.macos64_1.0.0.202411102158/tools/bin/../lib/gcc/arm-none-eabi/13.3.1/thumb/v7e-m+fp/hard/crti.o
                0x08006d5c                _fini
 .fini          0x08006d60        0x8 /Applications/STM32CubeIDE.app/Contents/Eclipse/plugins/com.st.stm32cube.ide.mcu.externaltools.gnu-tools-for-stm32.13.3.rel1.macos64_1.0.0.202411102158/tools/bin/../lib/gcc/arm-none-eabi/13.3.1/thumb/v7e-m+fp/hard/crtn.o
                0x08006d68                        . = ALIGN (0x4)
                0x08006d68                        _etext = .

.vfp11_veneer   0x08006d68        0x0
 .vfp11_veneer  0x08006d68        0x0 linker stubs

.v4_bx          0x08006d68        0x0
 .v4_bx         0x08006d68        0x0 linker stubs

.iplt           0x08006d68        0x0
 .iplt          0x08006d68        0x0 /Applications/STM32CubeIDE.app/Contents/Eclipse/plugins/com.st.stm32cube.ide.mcu.externaltools.gnu-tools-for-stm32.13.3.rel1.macos64_1.0.0.202411102158/tools/bin/../lib/gcc/arm-none-eabi/13.3.1/thumb/v7e-m+fp/hard/crtbegin.o

.rodata         0x08006d68       0x58
                0x08006d68                        . = ALIGN (0x4)
 *(.rodata)
 .rodata        0x08006d68       0x46 ./USB_DEVICE/App/usbd_desc.o
 *(.rodata*)
 *fill*         0x08006dae        0x2 
 .rodata.AHBPrescTable
                0x08006db0       0x10 ./Core/Src/system_stm32f4xx.o
                0x08006db0                AHBPrescTable
                0x08006dc0                        . = ALIGN (0x4)

.ARM.extab      0x08006dc0        0x0
                0x08006dc0                        . = ALIGN (0x4)
 *(.ARM.extab* .gnu.linkonce.armextab.*)
                0x08006dc0                        . = ALIGN (0x4)

.ARM            0x08006dc0        0x8
                0x08006dc0                        . = ALIGN (0x4)
                0x08006dc0                        __exidx_start = .
 *(.ARM.exidx*)
 .ARM.exidx     0x08006dc0        0x8 /Applications/STM32CubeIDE.app/Contents/Eclipse/plugins/com.st.stm32cube.ide.mcu.externaltools.gnu-tools-for-stm32.13.3.rel1.macos64_1.0.0.202411102158/tools/bin/../lib/gcc/arm-none-eabi/13.3.1/thumb/v7e-m+fp/hard/libgcc.a(_udivmoddi4.o)
                0x08006dc8                        __exidx_end = .
                0x08006dc8                        . = ALIGN (0x4)

.preinit_array  0x08006dc8        0x0
                0x08006dc8                        . = ALIGN (0x4)
                0x08006dc8                        PROVIDE (__preinit_array_start = .)
 *(.preinit_array*)
                0x08006dc8                        PROVIDE (__preinit_array_end = .)
                0x08006dc8                        . = ALIGN (0x4)

.init_array     0x08006dc8        0x4
                0x08006dc8                        . = ALIGN (0x4)
                0x08006dc8                        PROVIDE (__init_array_start = .)
 *(SORT_BY_NAME(.init_array.*))
 *(.init_array*)
 .init_array    0x08006dc8        0x4 /Applications/STM32CubeIDE.app/Contents/Eclipse/plugins/com.st.stm32cube.ide.mcu.externaltools.gnu-tools-for-stm32.13.3.rel1.macos64_1.0.0.202411102158/tools/bin/../lib/gcc/arm-none-eabi/13.3.1/thumb/v7e-m+fp/hard/crtbegin.o
                0x08006dcc                        PROVIDE (__init_array_end = .)
                0x08006dcc                        . = ALIGN (0x4)

.fini_array     0x08006dcc        0x4
                0x08006dcc                        . = ALIGN (0x4)
                [!provide]                        PROVIDE (__fini_array_start = .)
 *(SORT_BY_NAME(.fini_array.*))
 *(.fini_array*)
 .fini_array    0x08006dcc        0x4 /Applications/STM32CubeIDE.app/Contents/Eclipse/plugins/com.st.stm32cube.ide.mcu.externaltools.gnu-tools-for-stm32.13.3.rel1.macos64_1.0.0.202411102158/tools/bin/../lib/gcc/arm-none-eabi/13.3.1/thumb/v7e-m+fp/hard/crtbegin.o
                [!provide]                        PROVIDE (__fini_array_end = .)
                0x08006dd0                        . = ALIGN (0x4)
                0x08006dd0                        _sidata = LOADADDR (.data)

.rel.dyn        0x08006dd0        0x0
 .rel.iplt      0x08006dd0        0x0 /Applications/STM32CubeIDE.app/Contents/Eclipse/plugins/com.st.stm32cube.ide.mcu.externaltools.gnu-tools-for-stm32.13.3.rel1.macos64_1.0.0.202411102158/tools/bin/../lib/gcc/arm-none-eabi/13.3.1/thumb/v7e-m+fp/hard/crtbegin.o

.data           0x20000000       0xfc load address 0x08006dd0
                0x20000000                        . = ALIGN (0x4)
                0x20000000                        _sdata = .
 *(.data)
 *(.data*)
 .data.SystemCoreClock
                0x20000000        0x4 ./Core/Src/system_stm32f4xx.o
                0x20000000                SystemCoreClock
 .data.uwTickPrio
                0x20000004        0x4 ./Drivers/STM32F4xx_HAL_Driver/Src/stm32f4xx_hal.o
                0x20000004                uwTickPrio
 .data.uwTickFreq
                0x20000008        0x1 ./Drivers/STM32F4xx_HAL_Driver/Src/stm32f4xx_hal.o
                0x20000008                uwTickFreq
 *fill*         0x20000009        0x3 
 .data.USBD_CDC_DeviceQualifierDesc
                0x2000000c        0xa ./Middlewares/ST/STM32_USB_Device_Library/Class/CDC/Src/usbd_cdc.o
 *fill*         0x20000016        0x2 
 .data.USBD_CDC
                0x20000018       0x38 ./Middlewares/ST/STM32_USB_Device_Library/Class/CDC/Src/usbd_cdc.o
                0x20000018                USBD_CDC
 .data.USBD_CDC_CfgDesc
                0x20000050       0x43 ./Middlewares/ST/STM32_USB_Device_Library/Class/CDC/Src/usbd_cdc.o
 .data.CDCInEpAdd
                0x20000093        0x1 ./Middlewares/ST/STM32_USB_Device_Library/Class/CDC/Src/usbd_cdc.o
 .data.CDCOutEpAdd
                0x20000094        0x1 ./Middlewares/ST/STM32_USB_Device_Library/Class/CDC/Src/usbd_cdc.o
 .data.CDCCmdEpAdd
                0x20000095        0x1 ./Middlewares/ST/STM32_USB_Device_Library/Class/CDC/Src/usbd_cdc.o
 *fill*         0x20000096        0x2 
 .data.USBD_Interface_fops_FS
                0x20000098       0x14 ./USB_DEVICE/App/usbd_cdc_if.o
                0x20000098                USBD_Interface_fops_FS
 .data.FS_Desc  0x200000ac       0x1c ./USB_DEVICE/App/usbd_desc.o
                0x200000ac                FS_Desc
 .data.USBD_FS_DeviceDesc
                0x200000c8       0x12 ./USB_DEVICE/App/usbd_desc.o
                0x200000c8                USBD_FS_DeviceDesc
 *fill*         0x200000da        0x2 
 .data.USBD_LangIDDesc
                0x200000dc        0x4 ./USB_DEVICE/App/usbd_desc.o
                0x200000dc                USBD_LangIDDesc
 .data.USBD_StringSerial
                0x200000e0       0x1a ./USB_DEVICE/App/usbd_desc.o
                0x200000e0                USBD_StringSerial
 *(.RamFunc)
 *(.RamFunc*)
                0x200000fc                        . = ALIGN (0x4)
 *fill*         0x200000fa        0x2 
                0x200000fc                        _edata = .

.igot.plt       0x200000fc        0x0 load address 0x08006ecc
 .igot.plt      0x200000fc        0x0 /Applications/STM32CubeIDE.app/Contents/Eclipse/plugins/com.st.stm32cube.ide.mcu.externaltools.gnu-tools-for-stm32.13.3.rel1.macos64_1.0.0.202411102158/tools/bin/../lib/gcc/arm-none-eabi/13.3.1/thumb/v7e-m+fp/hard/crtbegin.o
                0x200000fc                        . = ALIGN (0x4)

.bss            0x200000fc     0x1c04 load address 0x08006ecc
                0x200000fc                        _sbss = .
                0x200000fc                        __bss_start__ = _sbss
 *(.bss)
 .bss           0x200000fc       0x1c /Applications/STM32CubeIDE.app/Contents/Eclipse/plugins/com.st.stm32cube.ide.mcu.externaltools.gnu-tools-for-stm32.13.3.rel1.macos64_1.0.0.202411102158/tools/bin/../lib/gcc/arm-none-eabi/13.3.1/thumb/v7e-m+fp/hard/crtbegin.o
 *(.bss*)
 .bss.uwTick    0x20000118        0x4 ./Drivers/STM32F4xx_HAL_Driver/Src/stm32f4xx_hal.o
                0x20000118                uwTick
 .bss.cfgidx.0  0x2000011c        0x1 ./Middlewares/ST/STM32_USB_Device_Library/Core/Src/usbd_ctlreq.o
 *fill*         0x2000011d        0x3 
 .bss.hUsbDeviceFS
                0x20000120      0x2dc ./USB_DEVICE/App/usb_device.o
                0x20000120                hUsbDeviceFS
 .bss.UserRxBufferFS
                0x200003fc      0x800 ./USB_DEVICE/App/usbd_cdc_if.o
                0x200003fc                UserRxBufferFS
 .bss.UserTxBufferFS
                0x20000bfc      0x800 ./USB_DEVICE/App/usbd_cdc_if.o
                0x20000bfc                UserTxBufferFS
 .bss.USBD_StrDesc
                0x200013fc      0x200 ./USB_DEVICE/App/usbd_desc.o
                0x200013fc                USBD_StrDesc
 .bss.hpcd_USB_OTG_FS
                0x200015fc      0x4e4 ./USB_DEVICE/Target/usbd_conf.o
                0x200015fc                hpcd_USB_OTG_FS
 .bss.mem.0     0x20001ae0      0x220 ./USB_DEVICE/Target/usbd_conf.o
 *(COMMON)
                0x20001d00                        . = ALIGN (0x4)
                0x20001d00                        _ebss = .
                0x20001d00                        __bss_end__ = _ebss

._user_heap_stack
                0x20001d00      0x600 load address 0x08006ecc
                0x20001d00                        . = ALIGN (0x8)
                [!provide]                        PROVIDE (end = .)
                0x20001d00                        PROVIDE (_end = .)
                0x20001f00                        . = (. + _Min_Heap_Size)
 *fill*         0x20001d00      0x200 
                0x20002300                        . = (. + _Min_Stack_Size)
 *fill*         0x20001f00      0x400 
                0x20002300                        . = ALIGN (0x8)

/DISCARD/
 libc.a(*)
 libm.a(*)
 libgcc.a(*)

.ARM.attributes
                0x00000000       0x30
 *(.ARM.attributes)
 .ARM.attributes
                0x00000000       0x22 /Applications/STM32CubeIDE.app/Contents/Eclipse/plugins/com.st.stm32cube.ide.mcu.externaltools.gnu-tools-for-stm32.13.3.rel1.macos64_1.0.0.202411102158/tools/bin/../lib/gcc/arm-none-eabi/13.3.1/thumb/v7e-m+fp/hard/crti.o
 .ARM.attributes
                0x00000022       0x34 /Applications/STM32CubeIDE.app/Contents/Eclipse/plugins/com.st.stm32cube.ide.mcu.externaltools.gnu-tools-for-stm32.13.3.rel1.macos64_1.0.0.202411102158/tools/bin/../lib/gcc/arm-none-eabi/13.3.1/thumb/v7e-m+fp/hard/crtbegin.o
 .ARM.attributes
                0x00000056       0x34 ./Core/Src/main.o
 .ARM.attributes
                0x0000008a       0x34 ./Core/Src/stm32f4xx_hal_msp.o
 .ARM.attributes
                0x000000be       0x34 ./Core/Src/stm32f4xx_it.o
 .ARM.attributes
                0x000000f2       0x34 ./Core/Src/system_stm32f4xx.o
 .ARM.attributes
                0x00000126       0x21 ./Core/Startup/startup_stm32f411vetx.o
 .ARM.attributes
                0x00000147       0x34 ./Drivers/STM32F4xx_HAL_Driver/Src/stm32f4xx_hal.o
 .ARM.attributes
                0x0000017b       0x34 ./Drivers/STM32F4xx_HAL_Driver/Src/stm32f4xx_hal_cortex.o
 .ARM.attributes
                0x000001af       0x34 ./Drivers/STM32F4xx_HAL_Driver/Src/stm32f4xx_hal_gpio.o
 .ARM.attributes
                0x000001e3       0x34 ./Drivers/STM32F4xx_HAL_Driver/Src/stm32f4xx_hal_pcd.o
 .ARM.attributes
                0x00000217       0x34 ./Drivers/STM32F4xx_HAL_Driver/Src/stm32f4xx_hal_pcd_ex.o
 .ARM.attributes
                0x0000024b       0x34 ./Drivers/STM32F4xx_HAL_Driver/Src/stm32f4xx_hal_rcc.o
 .ARM.attributes
                0x0000027f       0x34 ./Drivers/STM32F4xx_HAL_Driver/Src/stm32f4xx_ll_usb.o
 .ARM.attributes
                0x000002b3       0x34 ./Middlewares/ST/STM32_USB_Device_Library/Class/CDC/Src/usbd_cdc.o
 .ARM.attributes
                0x000002e7       0x34 ./Middlewares/ST/STM32_USB_Device_Library/Core/Src/usbd_core.o
 .ARM.attributes
                0x0000031b       0x34 ./Middlewares/ST/STM32_USB_Device_Library/Core/Src/usbd_ctlreq.o
 .ARM.attributes
                0x0000034f       0x34 ./Middlewares/ST/STM32_USB_Device_Library/Core/Src/usbd_ioreq.o
 .ARM.attributes
                0x00000383       0x34 ./USB_DEVICE/App/usb_device.o
 .ARM.attributes
                0x000003b7       0x34 ./USB_DEVICE/App/usbd_cdc_if.o
 .ARM.attributes
                0x000003eb       0x34 ./USB_DEVICE/App/usbd_desc.o
 .ARM.attributes
                0x0000041f       0x34 ./USB_DEVICE/Target/usbd_conf.o
 .ARM.attributes
                0x00000453       0x34 /Applications/STM32CubeIDE.app/Contents/Eclipse/plugins/com.st.stm32cube.ide.mcu.externaltools.gnu-tools-for-stm32.13.3.rel1.macos64_1.0.0.202411102158/tools/bin/../lib/gcc/arm-none-eabi/13.3.1/../../../../arm-none-eabi/lib/thumb/v7e-m+fp/hard/libc_nano.a(libc_a-memset.o)
 .ARM.attributes
                0x00000487       0x34 /Applications/STM32CubeIDE.app/Contents/Eclipse/plugins/com.st.stm32cube.ide.mcu.externaltools.gnu-tools-for-stm32.13.3.rel1.macos64_1.0.0.202411102158/tools/bin/../lib/gcc/arm-none-eabi/13.3.1/../../../../arm-none-eabi/lib/thumb/v7e-m+fp/hard/libc_nano.a(libc_a-init.o)
 .ARM.attributes
                0x000004bb       0x22 /Applications/STM32CubeIDE.app/Contents/Eclipse/plugins/com.st.stm32cube.ide.mcu.externaltools.gnu-tools-for-stm32.13.3.rel1.macos64_1.0.0.202411102158/tools/bin/../lib/gcc/arm-none-eabi/13.3.1/thumb/v7e-m+fp/hard/libgcc.a(_aeabi_uldivmod.o)
 .ARM.attributes
                0x000004dd       0x34 /Applications/STM32CubeIDE.app/Contents/Eclipse/plugins/com.st.stm32cube.ide.mcu.externaltools.gnu-tools-for-stm32.13.3.rel1.macos64_1.0.0.202411102158/tools/bin/../lib/gcc/arm-none-eabi/13.3.1/thumb/v7e-m+fp/hard/libgcc.a(_udivmoddi4.o)
 .ARM.attributes
                0x00000511       0x22 /Applications/STM32CubeIDE.app/Contents/Eclipse/plugins/com.st.stm32cube.ide.mcu.externaltools.gnu-tools-for-stm32.13.3.rel1.macos64_1.0.0.202411102158/tools/bin/../lib/gcc/arm-none-eabi/13.3.1/thumb/v7e-m+fp/hard/libgcc.a(_dvmd_tls.o)
 .ARM.attributes
                0x00000533       0x22 /Applications/STM32CubeIDE.app/Contents/Eclipse/plugins/com.st.stm32cube.ide.mcu.externaltools.gnu-tools-for-stm32.13.3.rel1.macos64_1.0.0.202411102158/tools/bin/../lib/gcc/arm-none-eabi/13.3.1/thumb/v7e-m+fp/hard/crtn.o
OUTPUT(USB_VirtualComPort_RXTX.elf elf32-littlearm)
LOAD linker stubs
LOAD /Applications/STM32CubeIDE.app/Contents/Eclipse/plugins/com.st.stm32cube.ide.mcu.externaltools.gnu-tools-for-stm32.13.3.rel1.macos64_1.0.0.202411102158/tools/bin/../lib/gcc/arm-none-eabi/13.3.1/../../../../arm-none-eabi/lib/thumb/v7e-m+fp/hard/libc.a
LOAD /Applications/STM32CubeIDE.app/Contents/Eclipse/plugins/com.st.stm32cube.ide.mcu.externaltools.gnu-tools-for-stm32.13.3.rel1.macos64_1.0.0.202411102158/tools/bin/../lib/gcc/arm-none-eabi/13.3.1/../../../../arm-none-eabi/lib/thumb/v7e-m+fp/hard/libm.a
LOAD /Applications/STM32CubeIDE.app/Contents/Eclipse/plugins/com.st.stm32cube.ide.mcu.externaltools.gnu-tools-for-stm32.13.3.rel1.macos64_1.0.0.202411102158/tools/bin/../lib/gcc/arm-none-eabi/13.3.1/thumb/v7e-m+fp/hard/libgcc.a

.debug_info     0x00000000     0xd4d7
 .debug_info    0x00000000      0x72f ./Core/Src/main.o
 .debug_info    0x0000072f      0x2a4 ./Core/Src/stm32f4xx_hal_msp.o
 .debug_info    0x000009d3      0x627 ./Core/Src/stm32f4xx_it.o
 .debug_info    0x00000ffa      0x53e ./Core/Src/system_stm32f4xx.o
 .debug_info    0x00001538       0x30 ./Core/Startup/startup_stm32f411vetx.o
 .debug_info    0x00001568      0x8c4 ./Drivers/STM32F4xx_HAL_Driver/Src/stm32f4xx_hal.o
 .debug_info    0x00001e2c      0xcfc ./Drivers/STM32F4xx_HAL_Driver/Src/stm32f4xx_hal_cortex.o
 .debug_info    0x00002b28      0x6f9 ./Drivers/STM32F4xx_HAL_Driver/Src/stm32f4xx_hal_gpio.o
 .debug_info    0x00003221     0x1577 ./Drivers/STM32F4xx_HAL_Driver/Src/stm32f4xx_hal_pcd.o
 .debug_info    0x00004798      0x6ea ./Drivers/STM32F4xx_HAL_Driver/Src/stm32f4xx_hal_pcd_ex.o
 .debug_info    0x00004e82      0x904 ./Drivers/STM32F4xx_HAL_Driver/Src/stm32f4xx_hal_rcc.o
 .debug_info    0x00005786     0x1993 ./Drivers/STM32F4xx_HAL_Driver/Src/stm32f4xx_ll_usb.o
 .debug_info    0x00007119     0x12b1 ./Middlewares/ST/STM32_USB_Device_Library/Class/CDC/Src/usbd_cdc.o
 .debug_info    0x000083ca      0xe12 ./Middlewares/ST/STM32_USB_Device_Library/Core/Src/usbd_core.o
 .debug_info    0x000091dc      0xaeb ./Middlewares/ST/STM32_USB_Device_Library/Core/Src/usbd_ctlreq.o
 .debug_info    0x00009cc7      0x762 ./Middlewares/ST/STM32_USB_Device_Library/Core/Src/usbd_ioreq.o
 .debug_info    0x0000a429      0x70e ./USB_DEVICE/App/usb_device.o
 .debug_info    0x0000ab37      0x935 ./USB_DEVICE/App/usbd_cdc_if.o
 .debug_info    0x0000b46c      0x458 ./USB_DEVICE/App/usbd_desc.o
 .debug_info    0x0000b8c4     0x1c13 ./USB_DEVICE/Target/usbd_conf.o

.debug_abbrev   0x00000000     0x2a06
 .debug_abbrev  0x00000000      0x239 ./Core/Src/main.o
 .debug_abbrev  0x00000239       0xf4 ./Core/Src/stm32f4xx_hal_msp.o
 .debug_abbrev  0x0000032d      0x1a4 ./Core/Src/stm32f4xx_it.o
 .debug_abbrev  0x000004d1      0x11a ./Core/Src/system_stm32f4xx.o
 .debug_abbrev  0x000005eb       0x24 ./Core/Startup/startup_stm32f411vetx.o
 .debug_abbrev  0x0000060f      0x24b ./Drivers/STM32F4xx_HAL_Driver/Src/stm32f4xx_hal.o
 .debug_abbrev  0x0000085a      0x31d ./Drivers/STM32F4xx_HAL_Driver/Src/stm32f4xx_hal_cortex.o
 .debug_abbrev  0x00000b77      0x1d3 ./Drivers/STM32F4xx_HAL_Driver/Src/stm32f4xx_hal_gpio.o
 .debug_abbrev  0x00000d4a      0x2b6 ./Drivers/STM32F4xx_HAL_Driver/Src/stm32f4xx_hal_pcd.o
 .debug_abbrev  0x00001000      0x1da ./Drivers/STM32F4xx_HAL_Driver/Src/stm32f4xx_hal_pcd_ex.o
 .debug_abbrev  0x000011da      0x2b6 ./Drivers/STM32F4xx_HAL_Driver/Src/stm32f4xx_hal_rcc.o
 .debug_abbrev  0x00001490      0x2b3 ./Drivers/STM32F4xx_HAL_Driver/Src/stm32f4xx_ll_usb.o
 .debug_abbrev  0x00001743      0x2d2 ./Middlewares/ST/STM32_USB_Device_Library/Class/CDC/Src/usbd_cdc.o
 .debug_abbrev  0x00001a15      0x27c ./Middlewares/ST/STM32_USB_Device_Library/Core/Src/usbd_core.o
 .debug_abbrev  0x00001c91      0x26f ./Middlewares/ST/STM32_USB_Device_Library/Core/Src/usbd_ctlreq.o
 .debug_abbrev  0x00001f00      0x19a ./Middlewares/ST/STM32_USB_Device_Library/Core/Src/usbd_ioreq.o
 .debug_abbrev  0x0000209a      0x195 ./USB_DEVICE/App/usb_device.o
 .debug_abbrev  0x0000222f      0x2b7 ./USB_DEVICE/App/usbd_cdc_if.o
 .debug_abbrev  0x000024e6      0x1e1 ./USB_DEVICE/App/usbd_desc.o
 .debug_abbrev  0x000026c7      0x33f ./USB_DEVICE/Target/usbd_conf.o

.debug_aranges  0x00000000      0xb60
 .debug_aranges
                0x00000000       0x40 ./Core/Src/main.o
 .debug_aranges
                0x00000040       0x20 ./Core/Src/stm32f4xx_hal_msp.o
 .debug_aranges
                0x00000060       0x68 ./Core/Src/stm32f4xx_it.o
 .debug_aranges
                0x000000c8       0x28 ./Core/Src/system_stm32f4xx.o
 .debug_aranges
                0x000000f0       0x28 ./Core/Startup/startup_stm32f411vetx.o
 .debug_aranges
                0x00000118       0xf0 ./Drivers/STM32F4xx_HAL_Driver/Src/stm32f4xx_hal.o
 .debug_aranges
                0x00000208      0x130 ./Drivers/STM32F4xx_HAL_Driver/Src/stm32f4xx_hal_cortex.o
 .debug_aranges
                0x00000338       0x58 ./Drivers/STM32F4xx_HAL_Driver/Src/stm32f4xx_hal_gpio.o
 .debug_aranges
                0x00000390      0x148 ./Drivers/STM32F4xx_HAL_Driver/Src/stm32f4xx_hal_pcd.o
 .debug_aranges
                0x000004d8       0x38 ./Drivers/STM32F4xx_HAL_Driver/Src/stm32f4xx_hal_pcd_ex.o
 .debug_aranges
                0x00000510       0x88 ./Drivers/STM32F4xx_HAL_Driver/Src/stm32f4xx_hal_rcc.o
 .debug_aranges
                0x00000598      0x1a0 ./Drivers/STM32F4xx_HAL_Driver/Src/stm32f4xx_ll_usb.o
 .debug_aranges
                0x00000738       0x90 ./Middlewares/ST/STM32_USB_Device_Library/Class/CDC/Src/usbd_cdc.o
 .debug_aranges
                0x000007c8       0xd8 ./Middlewares/ST/STM32_USB_Device_Library/Core/Src/usbd_core.o
 .debug_aranges
                0x000008a0       0x90 ./Middlewares/ST/STM32_USB_Device_Library/Core/Src/usbd_ctlreq.o
 .debug_aranges
                0x00000930       0x50 ./Middlewares/ST/STM32_USB_Device_Library/Core/Src/usbd_ioreq.o
 .debug_aranges
                0x00000980       0x20 ./USB_DEVICE/App/usb_device.o
 .debug_aranges
                0x000009a0       0x50 ./USB_DEVICE/App/usbd_cdc_if.o
 .debug_aranges
                0x000009f0       0x60 ./USB_DEVICE/App/usbd_desc.o
 .debug_aranges
                0x00000a50      0x110 ./USB_DEVICE/Target/usbd_conf.o

.debug_rnglists
                0x00000000      0x860
 .debug_rnglists
                0x00000000       0x2d ./Core/Src/main.o
 .debug_rnglists
                0x0000002d       0x13 ./Core/Src/stm32f4xx_hal_msp.o
 .debug_rnglists
                0x00000040       0x49 ./Core/Src/stm32f4xx_it.o
 .debug_rnglists
                0x00000089       0x1a ./Core/Src/system_stm32f4xx.o
 .debug_rnglists
                0x000000a3       0x19 ./Core/Startup/startup_stm32f411vetx.o
 .debug_rnglists
                0x000000bc       0xaf ./Drivers/STM32F4xx_HAL_Driver/Src/stm32f4xx_hal.o
 .debug_rnglists
                0x0000016b       0xe0 ./Drivers/STM32F4xx_HAL_Driver/Src/stm32f4xx_hal_cortex.o
 .debug_rnglists
                0x0000024b       0x3f ./Drivers/STM32F4xx_HAL_Driver/Src/stm32f4xx_hal_gpio.o
 .debug_rnglists
                0x0000028a       0xfa ./Drivers/STM32F4xx_HAL_Driver/Src/stm32f4xx_hal_pcd.o
 .debug_rnglists
                0x00000384       0x26 ./Drivers/STM32F4xx_HAL_Driver/Src/stm32f4xx_hal_pcd_ex.o
 .debug_rnglists
                0x000003aa       0x66 ./Drivers/STM32F4xx_HAL_Driver/Src/stm32f4xx_hal_rcc.o
 .debug_rnglists
                0x00000410      0x147 ./Drivers/STM32F4xx_HAL_Driver/Src/stm32f4xx_ll_usb.o
 .debug_rnglists
                0x00000557       0x6c ./Middlewares/ST/STM32_USB_Device_Library/Class/CDC/Src/usbd_cdc.o
 .debug_rnglists
                0x000005c3       0xa1 ./Middlewares/ST/STM32_USB_Device_Library/Core/Src/usbd_core.o
 .debug_rnglists
                0x00000664       0x6e ./Middlewares/ST/STM32_USB_Device_Library/Core/Src/usbd_ctlreq.o
 .debug_rnglists
                0x000006d2       0x37 ./Middlewares/ST/STM32_USB_Device_Library/Core/Src/usbd_ioreq.o
 .debug_rnglists
                0x00000709       0x13 ./USB_DEVICE/App/usb_device.o
 .debug_rnglists
                0x0000071c       0x38 ./USB_DEVICE/App/usbd_cdc_if.o
 .debug_rnglists
                0x00000754       0x43 ./USB_DEVICE/App/usbd_desc.o
 .debug_rnglists
                0x00000797       0xc9 ./USB_DEVICE/Target/usbd_conf.o

.debug_macro    0x00000000    0x17cbd
 .debug_macro   0x00000000      0x391 ./Core/Src/main.o
 .debug_macro   0x00000391      0xad8 ./Core/Src/main.o
 .debug_macro   0x00000e69      0x295 ./Core/Src/main.o
 .debug_macro   0x000010fe       0x2e ./Core/Src/main.o
 .debug_macro   0x0000112c       0x28 ./Core/Src/main.o
 .debug_macro   0x00001154       0x22 ./Core/Src/main.o
 .debug_macro   0x00001176       0x8e ./Core/Src/main.o
 .debug_macro   0x00001204       0x51 ./Core/Src/main.o
 .debug_macro   0x00001255      0x103 ./Core/Src/main.o
 .debug_macro   0x00001358       0x6a ./Core/Src/main.o
 .debug_macro   0x000013c2      0x1df ./Core/Src/main.o
 .debug_macro   0x000015a1       0x1c ./Core/Src/main.o
 .debug_macro   0x000015bd       0x22 ./Core/Src/main.o
 .debug_macro   0x000015df       0xfb ./Core/Src/main.o
 .debug_macro   0x000016da     0x1011 ./Core/Src/main.o
 .debug_macro   0x000026eb      0x11f ./Core/Src/main.o
 .debug_macro   0x0000280a     0xb968 ./Core/Src/main.o
 .debug_macro   0x0000e172       0x6d ./Core/Src/main.o
 .debug_macro   0x0000e1df     0x3693 ./Core/Src/main.o
 .debug_macro   0x00011872      0x190 ./Core/Src/main.o
 .debug_macro   0x00011a02       0x5c ./Core/Src/main.o
 .debug_macro   0x00011a5e      0x45c ./Core/Src/main.o
 .debug_macro   0x00011eba      0x9e9 ./Core/Src/main.o
 .debug_macro   0x000128a3      0x115 ./Core/Src/main.o
 .debug_macro   0x000129b8      0x11b ./Core/Src/main.o
 .debug_macro   0x00012ad3       0xa5 ./Core/Src/main.o
 .debug_macro   0x00012b78      0x15f ./Core/Src/main.o
 .debug_macro   0x00012cd7      0x287 ./Core/Src/main.o
 .debug_macro   0x00012f5e       0x5f ./Core/Src/main.o
 .debug_macro   0x00012fbd      0x236 ./Core/Src/main.o
 .debug_macro   0x000131f3      0x132 ./Core/Src/main.o
 .debug_macro   0x00013325      0x264 ./Core/Src/main.o
 .debug_macro   0x00013589       0x2e ./Core/Src/main.o
 .debug_macro   0x000135b7      0x127 ./Core/Src/main.o
 .debug_macro   0x000136de       0x85 ./Core/Src/main.o
 .debug_macro   0x00013763       0x89 ./Core/Src/main.o
 .debug_macro   0x000137ec      0x293 ./Core/Src/main.o
 .debug_macro   0x00013a7f       0xba ./Core/Src/main.o
 .debug_macro   0x00013b39      0x126 ./Core/Src/main.o
 .debug_macro   0x00013c5f       0x10 ./Core/Src/main.o
 .debug_macro   0x00013c6f       0x61 ./Core/Src/main.o
 .debug_macro   0x00013cd0       0x2a ./Core/Src/main.o
 .debug_macro   0x00013cfa       0x43 ./Core/Src/main.o
 .debug_macro   0x00013d3d       0x34 ./Core/Src/main.o
 .debug_macro   0x00013d71       0x16 ./Core/Src/main.o
 .debug_macro   0x00013d87       0x3c ./Core/Src/main.o
 .debug_macro   0x00013dc3      0x370 ./Core/Src/main.o
 .debug_macro   0x00014133       0x10 ./Core/Src/main.o
 .debug_macro   0x00014143       0x16 ./Core/Src/main.o
 .debug_macro   0x00014159       0x4a ./Core/Src/main.o
 .debug_macro   0x000141a3       0x34 ./Core/Src/main.o
 .debug_macro   0x000141d7       0x10 ./Core/Src/main.o
 .debug_macro   0x000141e7       0x58 ./Core/Src/main.o
 .debug_macro   0x0001423f       0x8e ./Core/Src/main.o
 .debug_macro   0x000142cd       0x1c ./Core/Src/main.o
 .debug_macro   0x000142e9      0x185 ./Core/Src/main.o
 .debug_macro   0x0001446e       0x16 ./Core/Src/main.o
 .debug_macro   0x00014484       0x16 ./Core/Src/main.o
 .debug_macro   0x0001449a      0x146 ./Core/Src/main.o
 .debug_macro   0x000145e0       0x16 ./Core/Src/main.o
 .debug_macro   0x000145f6       0x16 ./Core/Src/main.o
 .debug_macro   0x0001460c       0x29 ./Core/Src/main.o
 .debug_macro   0x00014635       0x16 ./Core/Src/main.o
 .debug_macro   0x0001464b       0x20 ./Core/Src/main.o
 .debug_macro   0x0001466b       0x65 ./Core/Src/main.o
 .debug_macro   0x000146d0      0x20f ./Core/Src/main.o
 .debug_macro   0x000148df       0x95 ./Core/Src/main.o
 .debug_macro   0x00014974       0x10 ./Core/Src/main.o
 .debug_macro   0x00014984      0x1e3 ./Core/Src/stm32f4xx_hal_msp.o
 .debug_macro   0x00014b67      0x1ed ./Core/Src/stm32f4xx_it.o
 .debug_macro   0x00014d54      0x1d4 ./Core/Src/system_stm32f4xx.o
 .debug_macro   0x00014f28      0x234 ./Drivers/STM32F4xx_HAL_Driver/Src/stm32f4xx_hal.o
 .debug_macro   0x0001515c      0x1d4 ./Drivers/STM32F4xx_HAL_Driver/Src/stm32f4xx_hal_cortex.o
 .debug_macro   0x00015330      0x1da ./Drivers/STM32F4xx_HAL_Driver/Src/stm32f4xx_hal_gpio.o
 .debug_macro   0x0001550a      0x1e0 ./Drivers/STM32F4xx_HAL_Driver/Src/stm32f4xx_hal_pcd.o
 .debug_macro   0x000156ea      0x1d4 ./Drivers/STM32F4xx_HAL_Driver/Src/stm32f4xx_hal_pcd_ex.o
 .debug_macro   0x000158be      0x1f8 ./Drivers/STM32F4xx_HAL_Driver/Src/stm32f4xx_hal_rcc.o
 .debug_macro   0x00015ab6      0x1d4 ./Drivers/STM32F4xx_HAL_Driver/Src/stm32f4xx_ll_usb.o
 .debug_macro   0x00015c8a      0x372 ./Middlewares/ST/STM32_USB_Device_Library/Class/CDC/Src/usbd_cdc.o
 .debug_macro   0x00015ffc       0x9e ./Middlewares/ST/STM32_USB_Device_Library/Class/CDC/Src/usbd_cdc.o
 .debug_macro   0x0001609a      0x112 ./Middlewares/ST/STM32_USB_Device_Library/Class/CDC/Src/usbd_cdc.o
 .debug_macro   0x000161ac       0x56 ./Middlewares/ST/STM32_USB_Device_Library/Class/CDC/Src/usbd_cdc.o
 .debug_macro   0x00016202      0x359 ./Middlewares/ST/STM32_USB_Device_Library/Core/Src/usbd_core.o
 .debug_macro   0x0001655b      0x215 ./Middlewares/ST/STM32_USB_Device_Library/Core/Src/usbd_core.o
 .debug_macro   0x00016770      0x363 ./Middlewares/ST/STM32_USB_Device_Library/Core/Src/usbd_ctlreq.o
 .debug_macro   0x00016ad3      0x35f ./Middlewares/ST/STM32_USB_Device_Library/Core/Src/usbd_ioreq.o
 .debug_macro   0x00016e32      0x392 ./USB_DEVICE/App/usb_device.o
 .debug_macro   0x000171c4       0x16 ./USB_DEVICE/App/usb_device.o
 .debug_macro   0x000171da       0x22 ./USB_DEVICE/App/usb_device.o
 .debug_macro   0x000171fc       0x16 ./USB_DEVICE/App/usb_device.o
 .debug_macro   0x00017212      0x37d ./USB_DEVICE/App/usbd_cdc_if.o
 .debug_macro   0x0001758f      0x39c ./USB_DEVICE/App/usbd_desc.o
 .debug_macro   0x0001792b       0x1c ./USB_DEVICE/App/usbd_desc.o
 .debug_macro   0x00017947      0x376 ./USB_DEVICE/Target/usbd_conf.o

.debug_line     0x00000000     0xebcc
 .debug_line    0x00000000      0xa4a ./Core/Src/main.o
 .debug_line    0x00000a4a      0x6da ./Core/Src/stm32f4xx_hal_msp.o
 .debug_line    0x00001124      0x7a0 ./Core/Src/stm32f4xx_it.o
 .debug_line    0x000018c4      0x74f ./Core/Src/system_stm32f4xx.o
 .debug_line    0x00002013       0x7b ./Core/Startup/startup_stm32f411vetx.o
 .debug_line    0x0000208e      0x9cb ./Drivers/STM32F4xx_HAL_Driver/Src/stm32f4xx_hal.o
 .debug_line    0x00002a59      0xc9b ./Drivers/STM32F4xx_HAL_Driver/Src/stm32f4xx_hal_cortex.o
 .debug_line    0x000036f4      0xae7 ./Drivers/STM32F4xx_HAL_Driver/Src/stm32f4xx_hal_gpio.o
 .debug_line    0x000041db     0x1416 ./Drivers/STM32F4xx_HAL_Driver/Src/stm32f4xx_hal_pcd.o
 .debug_line    0x000055f1      0x794 ./Drivers/STM32F4xx_HAL_Driver/Src/stm32f4xx_hal_pcd_ex.o
 .debug_line    0x00005d85      0xdda ./Drivers/STM32F4xx_HAL_Driver/Src/stm32f4xx_hal_rcc.o
 .debug_line    0x00006b5f     0x1ca3 ./Drivers/STM32F4xx_HAL_Driver/Src/stm32f4xx_ll_usb.o
 .debug_line    0x00008802      0xe3c ./Middlewares/ST/STM32_USB_Device_Library/Class/CDC/Src/usbd_cdc.o
 .debug_line    0x0000963e      0xef4 ./Middlewares/ST/STM32_USB_Device_Library/Core/Src/usbd_core.o
 .debug_line    0x0000a532     0x10b6 ./Middlewares/ST/STM32_USB_Device_Library/Core/Src/usbd_ctlreq.o
 .debug_line    0x0000b5e8      0x9fb ./Middlewares/ST/STM32_USB_Device_Library/Core/Src/usbd_ioreq.o
 .debug_line    0x0000bfe3      0x9c1 ./USB_DEVICE/App/usb_device.o
 .debug_line    0x0000c9a4      0xa2a ./USB_DEVICE/App/usbd_cdc_if.o
 .debug_line    0x0000d3ce      0xa6a ./USB_DEVICE/App/usbd_desc.o
 .debug_line    0x0000de38      0xd94 ./USB_DEVICE/Target/usbd_conf.o

.debug_str      0x00000000    0x8714d
 .debug_str     0x00000000    0x8714d ./Core/Src/main.o
                              0x83faa (size before relaxing)
 .debug_str     0x0008714d    0x7f63d ./Core/Src/stm32f4xx_hal_msp.o
 .debug_str     0x0008714d    0x7f9c7 ./Core/Src/stm32f4xx_it.o
 .debug_str     0x0008714d    0x7f6a8 ./Core/Src/system_stm32f4xx.o
 .debug_str     0x0008714d       0x8b ./Core/Startup/startup_stm32f411vetx.o
 .debug_str     0x0008714d    0x800d4 ./Drivers/STM32F4xx_HAL_Driver/Src/stm32f4xx_hal.o
 .debug_str     0x0008714d    0x7fe3e ./Drivers/STM32F4xx_HAL_Driver/Src/stm32f4xx_hal_cortex.o
 .debug_str     0x0008714d    0x7f823 ./Drivers/STM32F4xx_HAL_Driver/Src/stm32f4xx_hal_gpio.o
 .debug_str     0x0008714d    0x80174 ./Drivers/STM32F4xx_HAL_Driver/Src/stm32f4xx_hal_pcd.o
 .debug_str     0x0008714d    0x7fa64 ./Drivers/STM32F4xx_HAL_Driver/Src/stm32f4xx_hal_pcd_ex.o
 .debug_str     0x0008714d    0x7fadc ./Drivers/STM32F4xx_HAL_Driver/Src/stm32f4xx_hal_rcc.o
 .debug_str     0x0008714d    0x8004f ./Drivers/STM32F4xx_HAL_Driver/Src/stm32f4xx_ll_usb.o
 .debug_str     0x0008714d    0x8473a ./Middlewares/ST/STM32_USB_Device_Library/Class/CDC/Src/usbd_cdc.o
 .debug_str     0x0008714d    0x84093 ./Middlewares/ST/STM32_USB_Device_Library/Core/Src/usbd_core.o
 .debug_str     0x0008714d    0x83ebe ./Middlewares/ST/STM32_USB_Device_Library/Core/Src/usbd_ctlreq.o
 .debug_str     0x0008714d    0x83d93 ./Middlewares/ST/STM32_USB_Device_Library/Core/Src/usbd_ioreq.o
 .debug_str     0x0008714d    0x84146 ./USB_DEVICE/App/usb_device.o
 .debug_str     0x0008714d    0x8419a ./USB_DEVICE/App/usbd_cdc_if.o
 .debug_str     0x0008714d    0x83c8b ./USB_DEVICE/App/usbd_desc.o
 .debug_str     0x0008714d    0x84e42 ./USB_DEVICE/Target/usbd_conf.o

.comment        0x00000000       0x43
 .comment       0x00000000       0x43 ./Core/Src/main.o
                                 0x44 (size before relaxing)
 .comment       0x00000043       0x44 ./Core/Src/stm32f4xx_hal_msp.o
 .comment       0x00000043       0x44 ./Core/Src/stm32f4xx_it.o
 .comment       0x00000043       0x44 ./Core/Src/system_stm32f4xx.o
 .comment       0x00000043       0x44 ./Drivers/STM32F4xx_HAL_Driver/Src/stm32f4xx_hal.o
 .comment       0x00000043       0x44 ./Drivers/STM32F4xx_HAL_Driver/Src/stm32f4xx_hal_cortex.o
 .comment       0x00000043       0x44 ./Drivers/STM32F4xx_HAL_Driver/Src/stm32f4xx_hal_gpio.o
 .comment       0x00000043       0x44 ./Drivers/STM32F4xx_HAL_Driver/Src/stm32f4xx_hal_pcd.o
 .comment       0x00000043       0x44 ./Drivers/STM32F4xx_HAL_Driver/Src/stm32f4xx_hal_pcd_ex.o
 .comment       0x00000043       0x44 ./Drivers/STM32F4xx_HAL_Driver/Src/stm32f4xx_hal_rcc.o
 .comment       0x00000043       0x44 ./Drivers/STM32F4xx_HAL_Driver/Src/stm32f4xx_ll_usb.o
 .comment       0x00000043       0x44 ./Middlewares/ST/STM32_USB_Device_Library/Class/CDC/Src/usbd_cdc.o
 .comment       0x00000043       0x44 ./Middlewares/ST/STM32_USB_Device_Library/Core/Src/usbd_core.o
 .comment       0x00000043       0x44 ./Middlewares/ST/STM32_USB_Device_Library/Core/Src/usbd_ctlreq.o
 .comment       0x00000043       0x44 ./Middlewares/ST/STM32_USB_Device_Library/Core/Src/usbd_ioreq.o
 .comment       0x00000043       0x44 ./USB_DEVICE/App/usb_device.o
 .comment       0x00000043       0x44 ./USB_DEVICE/App/usbd_cdc_if.o
 .comment       0x00000043       0x44 ./USB_DEVICE/App/usbd_desc.o
 .comment       0x00000043       0x44 ./USB_DEVICE/Target/usbd_conf.o

.debug_frame    0x00000000     0x2d14
 .debug_frame   0x00000000       0xb0 ./Core/Src/main.o
 .debug_frame   0x000000b0       0x34 ./Core/Src/stm32f4xx_hal_msp.o
 .debug_frame   0x000000e4      0x120 ./Core/Src/stm32f4xx_it.o
 .debug_frame   0x00000204       0x58 ./Core/Src/system_stm32f4xx.o
 .debug_frame   0x0000025c      0x374 ./Drivers/STM32F4xx_HAL_Driver/Src/stm32f4xx_hal.o
 .debug_frame   0x000005d0      0x508 ./Drivers/STM32F4xx_HAL_Driver/Src/stm32f4xx_hal_cortex.o
 .debug_frame   0x00000ad8      0x14c ./Drivers/STM32F4xx_HAL_Driver/Src/stm32f4xx_hal_gpio.o
 .debug_frame   0x00000c24      0x5b8 ./Drivers/STM32F4xx_HAL_Driver/Src/stm32f4xx_hal_pcd.o
 .debug_frame   0x000011dc       0xb0 ./Drivers/STM32F4xx_HAL_Driver/Src/stm32f4xx_hal_pcd_ex.o
 .debug_frame   0x0000128c      0x1f4 ./Drivers/STM32F4xx_HAL_Driver/Src/stm32f4xx_hal_rcc.o
 .debug_frame   0x00001480      0x7c0 ./Drivers/STM32F4xx_HAL_Driver/Src/stm32f4xx_ll_usb.o
 .debug_frame   0x00001c40      0x23c ./Middlewares/ST/STM32_USB_Device_Library/Class/CDC/Src/usbd_cdc.o
 .debug_frame   0x00001e7c      0x390 ./Middlewares/ST/STM32_USB_Device_Library/Core/Src/usbd_core.o
 .debug_frame   0x0000220c      0x23c ./Middlewares/ST/STM32_USB_Device_Library/Core/Src/usbd_ctlreq.o
 .debug_frame   0x00002448      0x10c ./Middlewares/ST/STM32_USB_Device_Library/Core/Src/usbd_ioreq.o
 .debug_frame   0x00002554       0x2c ./USB_DEVICE/App/usb_device.o
 .debug_frame   0x00002580      0x10c ./USB_DEVICE/App/usbd_cdc_if.o
 .debug_frame   0x0000268c      0x160 ./USB_DEVICE/App/usbd_desc.o
 .debug_frame   0x000027ec      0x47c ./USB_DEVICE/Target/usbd_conf.o
 .debug_frame   0x00002c68       0x20 /Applications/STM32CubeIDE.app/Contents/Eclipse/plugins/com.st.stm32cube.ide.mcu.externaltools.gnu-tools-for-stm32.13.3.rel1.macos64_1.0.0.202411102158/tools/bin/../lib/gcc/arm-none-eabi/13.3.1/../../../../arm-none-eabi/lib/thumb/v7e-m+fp/hard/libc_nano.a(libc_a-memset.o)
 .debug_frame   0x00002c88       0x2c /Applications/STM32CubeIDE.app/Contents/Eclipse/plugins/com.st.stm32cube.ide.mcu.externaltools.gnu-tools-for-stm32.13.3.rel1.macos64_1.0.0.202411102158/tools/bin/../lib/gcc/arm-none-eabi/13.3.1/../../../../arm-none-eabi/lib/thumb/v7e-m+fp/hard/libc_nano.a(libc_a-init.o)
 .debug_frame   0x00002cb4       0x2c /Applications/STM32CubeIDE.app/Contents/Eclipse/plugins/com.st.stm32cube.ide.mcu.externaltools.gnu-tools-for-stm32.13.3.rel1.macos64_1.0.0.202411102158/tools/bin/../lib/gcc/arm-none-eabi/13.3.1/thumb/v7e-m+fp/hard/libgcc.a(_aeabi_uldivmod.o)
 .debug_frame   0x00002ce0       0x34 /Applications/STM32CubeIDE.app/Contents/Eclipse/plugins/com.st.stm32cube.ide.mcu.externaltools.gnu-tools-for-stm32.13.3.rel1.macos64_1.0.0.202411102158/tools/bin/../lib/gcc/arm-none-eabi/13.3.1/thumb/v7e-m+fp/hard/libgcc.a(_udivmoddi4.o)

.debug_line_str
                0x00000000       0x6f
 .debug_line_str
                0x00000000       0x6f ./Core/Startup/startup_stm32f411vetx.o
